******************************************************************************
                  TI ARM Linker Unix v20.2.7                   
******************************************************************************
>> Linked Thu Apr 11 21:11:57 2024

OUTPUT FILE NAME:   <Object_Detection.out>
ENTRY POINT SYMBOL: "_c_int00_noargs"  address: 000030d9


MEMORY CONFIGURATION

         name            origin    length      used     unused   attr    fill
----------------------  --------  ---------  --------  --------  ----  --------
  MAIN                  00000000   00040000  00003362  0003cc9e  R  X
  INFO                  00200000   00004000  00000000  00004000  R  X
  SRAM_CODE             01000000   00010000  00003a64  0000c59c  RW X
  SRAM_DATA             20000000   00010000  00003a64  0000c59c  RW  


SEGMENT ALLOCATION MAP

run origin  load origin   length   init length attrs members
----------  ----------- ---------- ----------- ----- -------
00000000    00000000    00003368   00003368    r-x
  00000000    00000000    000000e4   000000e4    r-- .intvecs
  000000e4    000000e4    000031de   000031de    r-x .text
  000032c8    000032c8    000000a0   000000a0    r-- .cinit
20000000    20000000    00003864   00000000    rw-
  20000000    20000000    00003250   00000000    rw- .bss
  20003250    20003250    00000400   00000000    rw- .sysmem
  20003650    20003650    00000214   00000000    rw- .data
2000fe00    2000fe00    00000200   00000000    rw-
  2000fe00    2000fe00    00000200   00000000    rw- .stack


SECTION ALLOCATION MAP

 output                                  attributes/
section   page    origin      length       input sections
--------  ----  ----------  ----------   ----------------
.intvecs   0    00000000    000000e4     
                  00000000    000000e4     startup_msp432p401r_ccs.obj (.intvecs:retain)

.text      0    000000e4    000031de     
                  000000e4    000005d0     LPF.obj (.text)
                  000006b4    000004d8     OPT3101.obj (.text)
                  00000b8c    000004c4     EUSCI_A0_UART.obj (.text)
                  00001050    000003dc     main.obj (.text)
                  0000142c    0000032c     system_msp432p401r.obj (.text)
                  00001758    00000228     EUSCI_B1_I2C.obj (.text)
                  00001980    000001e0     Clock.obj (.text)
                  00001b60    00000178     Motor.obj (.text)
                  00001cd8    00000120     Analog_Distance_Sensors.obj (.text)
                  00001df8    00000110     rtsv7M4_T_le_v4SPD16_eabi.lib : fopen.c.obj (.text:_openfile)
                  00001f08    00000100     Timer_A3_Capture.obj (.text)
                  00002008    00000100     rtsv7M4_T_le_v4SPD16_eabi.lib : memory.c.obj (.text:aligned_alloc)
                  00002108    000000e8     Bumper_Switches.obj (.text)
                  000021f0    000000e8     Timer_A0_PWM.obj (.text)
                  000022d8    000000e4     rtsv7M4_T_le_v4SPD16_eabi.lib : memory.c.obj (.text:free)
                  000023bc    000000dc                                   : setvbuf.c.obj (.text:setvbuf)
                  00002498    000000bc     Timer_A2_Capture.obj (.text)
                  00002554    000000bc     rtsv7M4_T_le_v4SPD16_eabi.lib : open.c.obj (.text:open)
                  00002610    000000b8                                   : add_device.c.obj (.text:add_device)
                  000026c8    000000b4     Timer_A0_Interrupt.obj (.text)
                  0000277c    000000b0     Timer_A1_Interrupt.obj (.text)
                  0000282c    000000b0     Timer_A2_Interrupt.obj (.text)
                  000028dc    0000009c     rtsv7M4_T_le_v4SPD16_eabi.lib : fopen.c.obj (.text:fopen)
                  00002978    0000009c                                   : memcpy_t2.asm.obj (.text)
                  00002a14    0000007a                                   : memset_t2.asm.obj (.text)
                  00002a8e    00000002                                   : _lock.c.obj (.text:_nop)
                  00002a90    00000074                                   : fclose.c.obj (.text:__TI_closefile)
                  00002b04    00000070                                   : memory.c.obj (.text:split)
                  00002b74    0000006c                                   : hostrename.c.obj (.text:HOSTrename)
                  00002be0    00000068                                   : hostlseek.c.obj (.text:HOSTlseek)
                  00002c48    00000068                                   : copy_decompress_lzss.c.obj (.text:decompress:lzss:__TI_decompress_lzss)
                  00002cb0    00000060                                   : hostopen.c.obj (.text:HOSTopen)
                  00002d10    0000005c                                   : close.c.obj (.text:close)
                  00002d6c    00000058                                   : hostread.c.obj (.text:HOSTread)
                  00002dc4    00000058                                   : hostwrite.c.obj (.text:HOSTwrite)
                  00002e1c    0000004c                                   : fflush.c.obj (.text:__TI_doflush)
                  00002e68    00000048                                   : exit.c.obj (.text:exit)
                  00002eb0    00000044                                   : hostclose.c.obj (.text:HOSTclose)
                  00002ef4    00000044                                   : hostunlink.c.obj (.text:HOSTunlink)
                  00002f38    00000044                                   : autoinit.c.obj (.text:__TI_auto_init_nobinit_nopinit:__TI_auto_init_nobinit_nopinit)
                  00002f7c    00000044                                   : getdevice.c.obj (.text:getdevice)
                  00002fc0    00000040     SysTick_Interrupt.obj (.text)
                  00003000    00000038     rtsv7M4_T_le_v4SPD16_eabi.lib : trgmsg.c.obj (.text:__TI_writemsg)
                  00003038    00000036                                   : strncpy.c.obj (.text:strncpy)
                  0000306e    00000002     --HOLE-- [fill = 0]
                  00003070    00000034                                   : fopen.c.obj (.text:__TI_cleanup)
                  000030a4    00000034                                   : trgmsg.c.obj (.text:__TI_readmsg)
                  000030d8    00000034                                   : boot_cortex_m.c.obj (.text:_c_int00_noargs:_c_int00_noargs)
                  0000310c    00000034                                   : fopen.c.obj (.text:freopen)
                  00003140    00000030                                   : getdevice.c.obj (.text:finddevice)
                  00003170    0000002c     CortexM.obj (.text)
                  0000319c    0000002c     rtsv7M4_T_le_v4SPD16_eabi.lib : unlink.c.obj (.text:unlink)
                  000031c8    00000028                                   : memory.c.obj (.text:free_list_insert)
                  000031f0    00000028                                   : write.c.obj (.text:write)
                  00003218    0000001c                                   : memory.c.obj (.text:free_list_remove)
                  00003234    00000018                                   : strcmp.c.obj (.text:strcmp)
                  0000324c    00000016                                   : strchr.c.obj (.text:strchr)
                  00003262    00000014                                   : strcpy.c.obj (.text:strcpy)
                  00003276    00000014                                   : strlen.c.obj (.text:strlen)
                  0000328a    0000000e                                   : copy_decompress_none.c.obj (.text:decompress:none:__TI_decompress_none)
                  00003298    0000000e     startup_msp432p401r_ccs.obj (.text)
                  000032a6    0000000c     rtsv7M4_T_le_v4SPD16_eabi.lib : copy_zero_init.c.obj (.text:decompress:ZI:__TI_zero_init)
                  000032b2    00000008                                   : memory.c.obj (.text:malloc)
                  000032ba    00000004                                   : pre_init.c.obj (.text:_system_pre_init)
                  000032be    00000004                                   : exit.c.obj (.text:abort:abort)

.cinit     0    000032c8    000000a0     
                  000032c8    00000079     (.cinit..data.load) [load image, compression = lzss]
                  00003341    00000003     --HOLE-- [fill = 0]
                  00003344    0000000c     (__TI_handler_table)
                  00003350    00000008     (.cinit..bss.load) [load image, compression = zero_init]
                  00003358    00000010     (__TI_cinit_table)

.init_array 
*          0    00000000    00000000     UNINITIALIZED

.binit     0    00000000    00000000     

.bss       0    20000000    00003250     UNINITIALIZED
                  20000000    00001000     (.common:x)
                  20001000    00001000     (.common:x2)
                  20002000    00001000     (.common:x3)
                  20003000    00000120     rtsv7M4_T_le_v4SPD16_eabi.lib : trgmsg.c.obj (.bss:_CIOBUF_)
                  20003120    000000a0     (.common:__TI_tmpnams)
                  200031c0    0000000c     (.common:ChannelCount)
                  200031cc    00000008     OPT3101.obj (.bss)
                  200031d4    00000008     (.common:parmbuf)
                  200031dc    00000004     (.common:Bumper_Task)
                  200031e0    00000004     (.common:Converted_Distance_Center)
                  200031e4    00000004     (.common:Converted_Distance_Left)
                  200031e8    00000004     (.common:Converted_Distance_Right)
                  200031ec    00000004     (.common:Error)
                  200031f0    00000004     (.common:Filtered_Distance_Center)
                  200031f4    00000004     (.common:Filtered_Distance_Left)
                  200031f8    00000004     (.common:Filtered_Distance_Right)
                  200031fc    00000004     (.common:I1)
                  20003200    00000004     (.common:LPFSum)
                  20003204    00000004     (.common:LPFSum2)
                  20003208    00000004     (.common:LPFSum3)
                  2000320c    00000004     (.common:PTxChan)
                  20003210    00000004     (.common:Pamplitudes)
                  20003214    00000004     (.common:Pdistances)
                  20003218    00000004     (.common:Pt)
                  2000321c    00000004     (.common:Pt2)
                  20003220    00000004     (.common:Pt3)
                  20003224    00000004     (.common:Size)
                  20003228    00000004     (.common:Timer_A0_Task)
                  2000322c    00000004     (.common:Timer_A1_Task)
                  20003230    00000004     (.common:Timer_A2_Capture_Task)
                  20003234    00000004     (.common:Timer_A2_Task)
                  20003238    00000004     (.common:Timer_A3_Capture_Task_0)
                  2000323c    00000004     (.common:Timer_A3_Capture_Task_1)
                  20003240    00000004     (.common:u1)
                  20003244    00000004     (.common:u2)
                  20003248    00000004     (.common:u3)
                  2000324c    00000002     (.common:Duty_Cycle_Left)
                  2000324e    00000002     (.common:Duty_Cycle_Right)

.sysmem    0    20003250    00000400     UNINITIALIZED
                  20003250    00000010     rtsv7M4_T_le_v4SPD16_eabi.lib : memory.c.obj (.sysmem)
                  20003260    000003f0     --HOLE--

.data      0    20003650    00000214     UNINITIALIZED
                  20003650    000000f0     rtsv7M4_T_le_v4SPD16_eabi.lib : defs.c.obj (.data:_ftable)
                  20003740    00000078                                   : host_device.c.obj (.data:_device)
                  200037b8    00000050                                   : host_device.c.obj (.data:_stream)
                  20003808    00000018     Clock.obj (.data)
                  20003820    00000010     rtsv7M4_T_le_v4SPD16_eabi.lib : defs.c.obj (.data)
                  20003830    0000000c                                   : exit.c.obj (.data:$O1$$)
                  2000383c    00000008                                   : _lock.c.obj (.data:$O1$$)
                  20003844    00000008                                   : memory.c.obj (.data:$O1$$)
                  2000384c    00000008     main.obj (.data)
                  20003854    00000004     rtsv7M4_T_le_v4SPD16_eabi.lib : add_device.c.obj (.data)
                  20003858    00000004                                   : fopen.c.obj (.data)
                  2000385c    00000004                                   : open.c.obj (.data)
                  20003860    00000004     system_msp432p401r.obj (.data)

.stack     0    2000fe00    00000200     UNINITIALIZED
                  2000fe00    00000004     rtsv7M4_T_le_v4SPD16_eabi.lib : boot_cortex_m.c.obj (.stack)
                  2000fe04    000001fc     --HOLE--

__llvm_prf_cnts 
*          0    20000000    00000000     UNINITIALIZED

MODULE SUMMARY

       Module                        code    ro data   rw data
       ------                        ----    -------   -------
    ./
       main.obj                      988     0         88     
       system_msp432p401r.obj        812     0         8      
       startup_msp432p401r_ccs.obj   14      228       0      
    +--+-----------------------------+-------+---------+---------+
       Total:                        1814    228       96     
                                                              
    ./src/
       LPF.obj                       1488    0         24664  
       OPT3101.obj                   1240    0         64     
       EUSCI_A0_UART.obj             1220    0         0      
       EUSCI_B1_I2C.obj              552     0         0      
       Clock.obj                     480     0         48     
       Motor.obj                     376     0         0      
       Analog_Distance_Sensors.obj   288     0         0      
       Timer_A3_Capture.obj          256     0         0      
       Bumper_Switches.obj           232     0         8      
       Timer_A0_PWM.obj              232     0         0      
       Timer_A2_Capture.obj          188     0         8      
       Timer_A0_Interrupt.obj        180     0         8      
       Timer_A2_Interrupt.obj        176     0         8      
       Timer_A1_Interrupt.obj        176     0         0      
       SysTick_Interrupt.obj         64      0         0      
       CortexM.obj                   44      0         0      
       Tachometer.obj                0       0         16     
    +--+-----------------------------+-------+---------+---------+
       Total:                        7192    0         24824  
                                                              
    /Applications/ti/ccs1260/ccs/tools/compiler/ti-cgt-arm_20.2.7.LTS/lib/rtsv7M4_T_le_v4SPD16_eabi.lib
       defs.c.obj                    0       0         832    
       memory.c.obj                  672     0         16     
       trgmsg.c.obj                  108     0         576    
       fopen.c.obj                   532     0         8      
       host_device.c.obj             0       0         400    
       setvbuf.c.obj                 220     0         0      
       open.c.obj                    188     0         8      
       add_device.c.obj              184     0         8      
       memcpy_t2.asm.obj             156     0         0      
       memset_t2.asm.obj             122     0         0      
       fclose.c.obj                  116     0         0      
       getdevice.c.obj               116     0         0      
       hostopen.c.obj                96      0         16     
       hostrename.c.obj              108     0         0      
       copy_decompress_lzss.c.obj    104     0         0      
       hostlseek.c.obj               104     0         0      
       exit.c.obj                    76      0         24     
       close.c.obj                   92      0         0      
       hostread.c.obj                88      0         0      
       hostwrite.c.obj               88      0         0      
       fflush.c.obj                  76      0         0      
       autoinit.c.obj                68      0         0      
       hostclose.c.obj               68      0         0      
       hostunlink.c.obj              68      0         0      
       strncpy.c.obj                 54      0         0      
       boot_cortex_m.c.obj           52      0         0      
       unlink.c.obj                  44      0         0      
       write.c.obj                   40      0         0      
       strcmp.c.obj                  24      0         0      
       strchr.c.obj                  22      0         0      
       strcpy.c.obj                  20      0         0      
       strlen.c.obj                  20      0         0      
       _lock.c.obj                   2       0         16     
       copy_decompress_none.c.obj    14      0         0      
       copy_zero_init.c.obj          12      0         0      
       pre_init.c.obj                4       0         0      
    +--+-----------------------------+-------+---------+---------+
       Total:                        3758    0         1904   
                                                              
       Heap:                         0       0         2048   
       Stack:                        0       0         1024   
       Linker Generated:             0       157       0      
    +--+-----------------------------+-------+---------+---------+
       Grand Total:                  12764   385       29896  


LINKER GENERATED COPY TABLES

__TI_cinit_table @ 00003358 records: 2, size/record: 8, table size: 16
	.data: load addr=000032c8, load size=00000079 bytes, run addr=20003650, run size=00000214 bytes, compression=lzss
	.bss: load addr=00003350, load size=00000008 bytes, run addr=20000000, run size=00003250 bytes, compression=zero_init


LINKER GENERATED HANDLER TABLE

__TI_handler_table @ 00003344 records: 3, size/record: 4, table size: 12
	index: 0, handler: __TI_decompress_lzss
	index: 1, handler: __TI_decompress_none
	index: 2, handler: __TI_zero_init


GLOBAL SYMBOLS: SORTED ALPHABETICALLY BY Name 

address   name                                   
-------   ----                                   
000032a5  ADC14_IRQHandler                       
000032a5  AES256_IRQHandler                      
00001d89  Analog_Distance_Sensor_Calibrate       
00001cd9  Analog_Distance_Sensor_Init            
00001d49  Analog_Distance_Sensor_Start_Conversion
0000217b  Bumper_Read                            
00002109  Bumper_Switches_Init                   
200031dc  Bumper_Task                            
000032a5  BusFault_Handler                       
000032bf  C$$EXIT                                
0000302f  C$$IO$$                                
000032a5  COMP_E0_IRQHandler                     
000032a5  COMP_E1_IRQHandler                     
20003810  CPMwait                                
000032a5  CS_IRQHandler                          
200031c0  ChannelCount                           
20003808  ClockFrequency                         
00001ad5  Clock_Delay1ms                         
00001aab  Clock_Delay1us                         
00001a97  Clock_GetFreq                          
00001981  Clock_Init48MHz                        
000010a1  Controller_1                           
0000117d  Controller_2                           
0000127d  Controller_3                           
200031e0  Converted_Distance_Center              
200031e4  Converted_Distance_Left                
200031e8  Converted_Distance_Right               
2000381c  Crystalstable                          
000032a5  DMA_ERR_IRQHandler                     
000032a5  DMA_INT0_IRQHandler                    
000032a5  DMA_INT1_IRQHandler                    
000032a5  DMA_INT2_IRQHandler                    
000032a5  DMA_INT3_IRQHandler                    
000032a5  DebugMon_Handler                       
000032a5  Default_Handler                        
00003171  DisableInterrupts                      
2000324c  Duty_Cycle_Left                        
2000324e  Duty_Cycle_Right                       
000032a5  EUSCIA0_IRQHandler                     
000032a5  EUSCIA1_IRQHandler                     
000032a5  EUSCIA2_IRQHandler                     
000032a5  EUSCIA3_IRQHandler                     
000032a5  EUSCIB0_IRQHandler                     
000032a5  EUSCIB1_IRQHandler                     
000032a5  EUSCIB2_IRQHandler                     
000032a5  EUSCIB3_IRQHandler                     
00000f21  EUSCI_A0_UART_Close                    
00000c2b  EUSCI_A0_UART_InChar                   
00000c57  EUSCI_A0_UART_InString                 
00000cef  EUSCI_A0_UART_InUDec                   
00000b8d  EUSCI_A0_UART_Init                     
00000fc3  EUSCI_A0_UART_Init_Printf              
00000f99  EUSCI_A0_UART_LSeek                    
00000f11  EUSCI_A0_UART_Open                     
00000c3b  EUSCI_A0_UART_OutChar                  
00000da3  EUSCI_A0_UART_OutSDec                  
00000cd1  EUSCI_A0_UART_OutString                
00000d73  EUSCI_A0_UART_OutUDec                  
00000dc5  EUSCI_A0_UART_OutUFix                  
00000ed1  EUSCI_A0_UART_OutUHex                  
00000f2d  EUSCI_A0_UART_Read                     
00000fb5  EUSCI_A0_UART_Rename                   
00000fa9  EUSCI_A0_UART_Unlink                   
00000f57  EUSCI_A0_UART_Write                    
00001759  EUSCI_B1_I2C_Init                      
00001875  EUSCI_B1_I2C_Receive_A_Byte            
000018d3  EUSCI_B1_I2C_Receive_Multiple_Bytes    
000017a1  EUSCI_B1_I2C_Send_A_Byte               
000017fd  EUSCI_B1_I2C_Send_Multiple_Bytes       
00003177  EnableInterrupts                       
00003187  EndCritical                            
200031ec  Error                                  
000032a5  FLCTL_IRQHandler                       
000032a5  FPU_IRQHandler                         
200031f0  Filtered_Distance_Center               
200031f4  Filtered_Distance_Left                 
200031f8  Filtered_Distance_Right                
00002eb1  HOSTclose                              
00002be1  HOSTlseek                              
00002cb1  HOSTopen                               
00002d6d  HOSTread                               
00002b75  HOSTrename                             
00002ef5  HOSTunlink                             
00002dc5  HOSTwrite                              
000032a5  HardFault_Handler                      
200031fc  I1                                     
20003818  IFlags                                 
2000384c  Kp                                     
20003200  LPFSum                                 
20003204  LPFSum2                                
20003208  LPFSum3                                
00000239  LPF_Calc                               
0000038d  LPF_Calc2                              
000004f9  LPF_Calc3                              
00000179  LPF_Calc_old                           
000001db  LPF_Init                               
00000331  LPF_Init2                              
000004a5  LPF_Init3                              
00000125  LPF_Init_old                           
00000611  Median                                 
000032a5  MemManage_Handler                      
00001bf1  Motor_Backward                         
00001bc1  Motor_Forward                          
00001b61  Motor_Init                             
00001c21  Motor_Left                             
00001c5b  Motor_Right                            
00001c95  Motor_Stop                             
000032a5  NMI_Handler                            
0000028d  Noise                                  
00000401  Noise2                                 
00000565  Noise3                                 
00000aeb  OPT3101_ArmInterrupts                  
000008ad  OPT3101_CalibrateInternalCrosstalk     
00000a55  OPT3101_CheckDistanceSensor            
00000a1f  OPT3101_GetAmplitude                   
00000a3b  OPT3101_GetDistanceMillimeters         
00000a69  OPT3101_GetMeasurement                 
00000a31  OPT3101_GetPhase                       
00000a15  OPT3101_GetTxChannel                   
0000071f  OPT3101_Init                           
000009f5  OPT3101_MeasurementError               
000009dd  OPT3101_ReadMeasurement                
000006b5  OPT3101_ReadRegister                   
0000077d  OPT3101_Setup                          
0000098f  OPT3101_StartMeasurement               
0000099d  OPT3101_StartMeasurementChannel        
000006e5  OPT3101_WriteRegister                  
000032a5  PCM_IRQHandler                         
000032a5  PORT1_IRQHandler                       
000032a5  PORT2_IRQHandler                       
000032a5  PORT3_IRQHandler                       
000021a7  PORT4_IRQHandler                       
000021a7  PORT4_IRQHandler                       
000032a5  PORT5_IRQHandler                       
00000b41  PORT6_IRQHandler                       
00000b41  PORT6_IRQHandler                       
000032a5  PSS_IRQHandler                         
2000320c  PTxChan                                
20003210  Pamplitudes                            
20003214  Pdistances                             
000032a5  PendSV_Handler                         
20003814  Postwait                               
2000380c  Prewait                                
20003218  Pt                                     
2000321c  Pt2                                    
20003220  Pt3                                    
000032a5  RTC_C_IRQHandler                       
00003299  Reset_Handler                          
000032a5  SVC_Handler                            
00001051  Sample_Analog_Distance_Sensor          
20003850  Set_Point                              
20003224  Size                                   
0000317d  StartCritical                          
0000139d  SysTick_Handler                        
0000139d  SysTick_Handler                        
00002fc1  SysTick_Interrupt_Init                 
20003860  SystemCoreClock                        
0000142d  SystemCoreClockUpdate                  
000016a1  SystemInit                             
000032a5  T32_INT1_IRQHandler                    
000032a5  T32_INT2_IRQHandler                    
000032a5  T32_INTC_IRQHandler                    
0000274b  TA0_0_IRQHandler                       
0000274b  TA0_0_IRQHandler                       
000032a5  TA0_N_IRQHandler                       
000027f7  TA1_0_IRQHandler                       
000027f7  TA1_0_IRQHandler                       
000032a5  TA1_N_IRQHandler                       
000028a7  TA2_0_IRQHandler                       
000028a7  TA2_0_IRQHandler                       
00002511  TA2_N_IRQHandler                       
00002511  TA2_N_IRQHandler                       
00001fa5  TA3_0_IRQHandler                       
00001fa5  TA3_0_IRQHandler                       
00001fbf  TA3_N_IRQHandler                       
00001fbf  TA3_N_IRQHandler                       
000026c9  Timer_A0_Interrupt_Init                
000021f1  Timer_A0_PWM_Init                      
00002735  Timer_A0_Stop                          
20003228  Timer_A0_Task                          
00002279  Timer_A0_Update_Duty_Cycle_1           
00002299  Timer_A0_Update_Duty_Cycle_2           
0000277d  Timer_A1_Interrupt_Init                
000013a5  Timer_A1_Periodic_Task                 
000027e3  Timer_A1_Stop                          
2000322c  Timer_A1_Task                          
00002499  Timer_A2_Capture_Init                  
20003230  Timer_A2_Capture_Task                  
0000282d  Timer_A2_Interrupt_Init                
00002893  Timer_A2_Stop                          
20003234  Timer_A2_Task                          
00001f09  Timer_A3_Capture_Init                  
20003238  Timer_A3_Capture_Task_0                
2000323c  Timer_A3_Capture_Task_1                
00000dfd  UART0_InUHex                           
000032a5  UsageFault_Handler                     
4000480c  WDTCTL_SYM                             
000032a5  WDT_A_IRQHandler                       
00003197  WaitForInterrupt                       
20003000  __CIOBUF_                              
20010000  __STACK_END                            
00000200  __STACK_SIZE                           
00000400  __SYSMEM_SIZE                          
00003358  __TI_CINIT_Base                        
00003368  __TI_CINIT_Limit                       
00003344  __TI_Handler_Table_Base                
00003350  __TI_Handler_Table_Limit               
00002f39  __TI_auto_init_nobinit_nopinit         
00003071  __TI_cleanup                           
20003830  __TI_cleanup_ptr                       
00002a91  __TI_closefile                         
00002c49  __TI_decompress_lzss                   
0000328b  __TI_decompress_none                   
00002e1d  __TI_doflush                           
20003834  __TI_dtors_ptr                         
20003838  __TI_enable_exit_profile_output        
20003820  __TI_ft_end                            
ffffffff  __TI_pprof_out_hndl                    
ffffffff  __TI_prof_data_size                    
ffffffff  __TI_prof_data_start                   
000030a5  __TI_readmsg                           
00000000  __TI_static_base__                     
20003120  __TI_tmpnams                           
00003001  __TI_writemsg                          
000032a7  __TI_zero_init                         
00002a15  __aeabi_memclr                         
00002a15  __aeabi_memclr4                        
00002a15  __aeabi_memclr8                        
00002979  __aeabi_memcpy                         
00002979  __aeabi_memcpy4                        
00002979  __aeabi_memcpy8                        
00002a17  __aeabi_memset                         
00002a17  __aeabi_memset4                        
00002a17  __aeabi_memset8                        
2000382c  __aeabi_stderr                         
20003824  __aeabi_stdin                          
20003828  __aeabi_stdout                         
ffffffff  __binit__                              
ffffffff  __c_args__                             
UNDEFED   __mpu_init                             
2000fe00  __stack                                
20000000  __start___llvm_prf_cnts                
20000000  __stop___llvm_prf_cnts                 
000030d9  _c_int00_noargs                        
20003740  _device                                
20003650  _ftable                                
2000383c  _lock                                  
00002a8f  _nop                                   
200037b8  _stream                                
20003250  _sys_memory                            
UNDEFED   _system_post_cinit                     
000032bb  _system_pre_init                       
20003840  _unlock                                
000032bf  abort                                  
00002611  add_device                             
00002009  aligned_alloc                          
ffffffff  binit                                  
00002d11  close                                  
00001a9d  delay                                  
00002e69  exit                                   
00003141  finddevice                             
000028dd  fopen                                  
000022d9  free                                   
0000310d  freopen                                
00002f7d  getdevice                              
00000000  interruptVectors                       
000000e5  isqrt                                  
000013b5  main                                   
000032b3  malloc                                 
00002009  memalign                               
00002979  memcpy                                 
00002a1d  memset                                 
00002555  open                                   
200031d4  parmbuf                                
0000319d  remove                                 
000023bd  setvbuf                                
0000324d  strchr                                 
00003235  strcmp                                 
00003263  strcpy                                 
00003277  strlen                                 
00003039  strncpy                                
20003240  u1                                     
20003244  u2                                     
20003248  u3                                     
0000319d  unlink                                 
000031f1  write                                  
20000000  x                                      
20001000  x2                                     
20002000  x3                                     


GLOBAL SYMBOLS: SORTED BY Symbol Address 

address   name                                   
-------   ----                                   
00000000  __TI_static_base__                     
00000000  interruptVectors                       
000000e5  isqrt                                  
00000125  LPF_Init_old                           
00000179  LPF_Calc_old                           
000001db  LPF_Init                               
00000200  __STACK_SIZE                           
00000239  LPF_Calc                               
0000028d  Noise                                  
00000331  LPF_Init2                              
0000038d  LPF_Calc2                              
00000400  __SYSMEM_SIZE                          
00000401  Noise2                                 
000004a5  LPF_Init3                              
000004f9  LPF_Calc3                              
00000565  Noise3                                 
00000611  Median                                 
000006b5  OPT3101_ReadRegister                   
000006e5  OPT3101_WriteRegister                  
0000071f  OPT3101_Init                           
0000077d  OPT3101_Setup                          
000008ad  OPT3101_CalibrateInternalCrosstalk     
0000098f  OPT3101_StartMeasurement               
0000099d  OPT3101_StartMeasurementChannel        
000009dd  OPT3101_ReadMeasurement                
000009f5  OPT3101_MeasurementError               
00000a15  OPT3101_GetTxChannel                   
00000a1f  OPT3101_GetAmplitude                   
00000a31  OPT3101_GetPhase                       
00000a3b  OPT3101_GetDistanceMillimeters         
00000a55  OPT3101_CheckDistanceSensor            
00000a69  OPT3101_GetMeasurement                 
00000aeb  OPT3101_ArmInterrupts                  
00000b41  PORT6_IRQHandler                       
00000b41  PORT6_IRQHandler                       
00000b8d  EUSCI_A0_UART_Init                     
00000c2b  EUSCI_A0_UART_InChar                   
00000c3b  EUSCI_A0_UART_OutChar                  
00000c57  EUSCI_A0_UART_InString                 
00000cd1  EUSCI_A0_UART_OutString                
00000cef  EUSCI_A0_UART_InUDec                   
00000d73  EUSCI_A0_UART_OutUDec                  
00000da3  EUSCI_A0_UART_OutSDec                  
00000dc5  EUSCI_A0_UART_OutUFix                  
00000dfd  UART0_InUHex                           
00000ed1  EUSCI_A0_UART_OutUHex                  
00000f11  EUSCI_A0_UART_Open                     
00000f21  EUSCI_A0_UART_Close                    
00000f2d  EUSCI_A0_UART_Read                     
00000f57  EUSCI_A0_UART_Write                    
00000f99  EUSCI_A0_UART_LSeek                    
00000fa9  EUSCI_A0_UART_Unlink                   
00000fb5  EUSCI_A0_UART_Rename                   
00000fc3  EUSCI_A0_UART_Init_Printf              
00001051  Sample_Analog_Distance_Sensor          
000010a1  Controller_1                           
0000117d  Controller_2                           
0000127d  Controller_3                           
0000139d  SysTick_Handler                        
0000139d  SysTick_Handler                        
000013a5  Timer_A1_Periodic_Task                 
000013b5  main                                   
0000142d  SystemCoreClockUpdate                  
000016a1  SystemInit                             
00001759  EUSCI_B1_I2C_Init                      
000017a1  EUSCI_B1_I2C_Send_A_Byte               
000017fd  EUSCI_B1_I2C_Send_Multiple_Bytes       
00001875  EUSCI_B1_I2C_Receive_A_Byte            
000018d3  EUSCI_B1_I2C_Receive_Multiple_Bytes    
00001981  Clock_Init48MHz                        
00001a97  Clock_GetFreq                          
00001a9d  delay                                  
00001aab  Clock_Delay1us                         
00001ad5  Clock_Delay1ms                         
00001b61  Motor_Init                             
00001bc1  Motor_Forward                          
00001bf1  Motor_Backward                         
00001c21  Motor_Left                             
00001c5b  Motor_Right                            
00001c95  Motor_Stop                             
00001cd9  Analog_Distance_Sensor_Init            
00001d49  Analog_Distance_Sensor_Start_Conversion
00001d89  Analog_Distance_Sensor_Calibrate       
00001f09  Timer_A3_Capture_Init                  
00001fa5  TA3_0_IRQHandler                       
00001fa5  TA3_0_IRQHandler                       
00001fbf  TA3_N_IRQHandler                       
00001fbf  TA3_N_IRQHandler                       
00002009  aligned_alloc                          
00002009  memalign                               
00002109  Bumper_Switches_Init                   
0000217b  Bumper_Read                            
000021a7  PORT4_IRQHandler                       
000021a7  PORT4_IRQHandler                       
000021f1  Timer_A0_PWM_Init                      
00002279  Timer_A0_Update_Duty_Cycle_1           
00002299  Timer_A0_Update_Duty_Cycle_2           
000022d9  free                                   
000023bd  setvbuf                                
00002499  Timer_A2_Capture_Init                  
00002511  TA2_N_IRQHandler                       
00002511  TA2_N_IRQHandler                       
00002555  open                                   
00002611  add_device                             
000026c9  Timer_A0_Interrupt_Init                
00002735  Timer_A0_Stop                          
0000274b  TA0_0_IRQHandler                       
0000274b  TA0_0_IRQHandler                       
0000277d  Timer_A1_Interrupt_Init                
000027e3  Timer_A1_Stop                          
000027f7  TA1_0_IRQHandler                       
000027f7  TA1_0_IRQHandler                       
0000282d  Timer_A2_Interrupt_Init                
00002893  Timer_A2_Stop                          
000028a7  TA2_0_IRQHandler                       
000028a7  TA2_0_IRQHandler                       
000028dd  fopen                                  
00002979  __aeabi_memcpy                         
00002979  __aeabi_memcpy4                        
00002979  __aeabi_memcpy8                        
00002979  memcpy                                 
00002a15  __aeabi_memclr                         
00002a15  __aeabi_memclr4                        
00002a15  __aeabi_memclr8                        
00002a17  __aeabi_memset                         
00002a17  __aeabi_memset4                        
00002a17  __aeabi_memset8                        
00002a1d  memset                                 
00002a8f  _nop                                   
00002a91  __TI_closefile                         
00002b75  HOSTrename                             
00002be1  HOSTlseek                              
00002c49  __TI_decompress_lzss                   
00002cb1  HOSTopen                               
00002d11  close                                  
00002d6d  HOSTread                               
00002dc5  HOSTwrite                              
00002e1d  __TI_doflush                           
00002e69  exit                                   
00002eb1  HOSTclose                              
00002ef5  HOSTunlink                             
00002f39  __TI_auto_init_nobinit_nopinit         
00002f7d  getdevice                              
00002fc1  SysTick_Interrupt_Init                 
00003001  __TI_writemsg                          
0000302f  C$$IO$$                                
00003039  strncpy                                
00003071  __TI_cleanup                           
000030a5  __TI_readmsg                           
000030d9  _c_int00_noargs                        
0000310d  freopen                                
00003141  finddevice                             
00003171  DisableInterrupts                      
00003177  EnableInterrupts                       
0000317d  StartCritical                          
00003187  EndCritical                            
00003197  WaitForInterrupt                       
0000319d  remove                                 
0000319d  unlink                                 
000031f1  write                                  
00003235  strcmp                                 
0000324d  strchr                                 
00003263  strcpy                                 
00003277  strlen                                 
0000328b  __TI_decompress_none                   
00003299  Reset_Handler                          
000032a5  ADC14_IRQHandler                       
000032a5  AES256_IRQHandler                      
000032a5  BusFault_Handler                       
000032a5  COMP_E0_IRQHandler                     
000032a5  COMP_E1_IRQHandler                     
000032a5  CS_IRQHandler                          
000032a5  DMA_ERR_IRQHandler                     
000032a5  DMA_INT0_IRQHandler                    
000032a5  DMA_INT1_IRQHandler                    
000032a5  DMA_INT2_IRQHandler                    
000032a5  DMA_INT3_IRQHandler                    
000032a5  DebugMon_Handler                       
000032a5  Default_Handler                        
000032a5  EUSCIA0_IRQHandler                     
000032a5  EUSCIA1_IRQHandler                     
000032a5  EUSCIA2_IRQHandler                     
000032a5  EUSCIA3_IRQHandler                     
000032a5  EUSCIB0_IRQHandler                     
000032a5  EUSCIB1_IRQHandler                     
000032a5  EUSCIB2_IRQHandler                     
000032a5  EUSCIB3_IRQHandler                     
000032a5  FLCTL_IRQHandler                       
000032a5  FPU_IRQHandler                         
000032a5  HardFault_Handler                      
000032a5  MemManage_Handler                      
000032a5  NMI_Handler                            
000032a5  PCM_IRQHandler                         
000032a5  PORT1_IRQHandler                       
000032a5  PORT2_IRQHandler                       
000032a5  PORT3_IRQHandler                       
000032a5  PORT5_IRQHandler                       
000032a5  PSS_IRQHandler                         
000032a5  PendSV_Handler                         
000032a5  RTC_C_IRQHandler                       
000032a5  SVC_Handler                            
000032a5  T32_INT1_IRQHandler                    
000032a5  T32_INT2_IRQHandler                    
000032a5  T32_INTC_IRQHandler                    
000032a5  TA0_N_IRQHandler                       
000032a5  TA1_N_IRQHandler                       
000032a5  UsageFault_Handler                     
000032a5  WDT_A_IRQHandler                       
000032a7  __TI_zero_init                         
000032b3  malloc                                 
000032bb  _system_pre_init                       
000032bf  C$$EXIT                                
000032bf  abort                                  
00003344  __TI_Handler_Table_Base                
00003350  __TI_Handler_Table_Limit               
00003358  __TI_CINIT_Base                        
00003368  __TI_CINIT_Limit                       
20000000  __start___llvm_prf_cnts                
20000000  __stop___llvm_prf_cnts                 
20000000  x                                      
20001000  x2                                     
20002000  x3                                     
20003000  __CIOBUF_                              
20003120  __TI_tmpnams                           
200031c0  ChannelCount                           
200031d4  parmbuf                                
200031dc  Bumper_Task                            
200031e0  Converted_Distance_Center              
200031e4  Converted_Distance_Left                
200031e8  Converted_Distance_Right               
200031ec  Error                                  
200031f0  Filtered_Distance_Center               
200031f4  Filtered_Distance_Left                 
200031f8  Filtered_Distance_Right                
200031fc  I1                                     
20003200  LPFSum                                 
20003204  LPFSum2                                
20003208  LPFSum3                                
2000320c  PTxChan                                
20003210  Pamplitudes                            
20003214  Pdistances                             
20003218  Pt                                     
2000321c  Pt2                                    
20003220  Pt3                                    
20003224  Size                                   
20003228  Timer_A0_Task                          
2000322c  Timer_A1_Task                          
20003230  Timer_A2_Capture_Task                  
20003234  Timer_A2_Task                          
20003238  Timer_A3_Capture_Task_0                
2000323c  Timer_A3_Capture_Task_1                
20003240  u1                                     
20003244  u2                                     
20003248  u3                                     
2000324c  Duty_Cycle_Left                        
2000324e  Duty_Cycle_Right                       
20003250  _sys_memory                            
20003650  _ftable                                
20003740  _device                                
200037b8  _stream                                
20003808  ClockFrequency                         
2000380c  Prewait                                
20003810  CPMwait                                
20003814  Postwait                               
20003818  IFlags                                 
2000381c  Crystalstable                          
20003820  __TI_ft_end                            
20003824  __aeabi_stdin                          
20003828  __aeabi_stdout                         
2000382c  __aeabi_stderr                         
20003830  __TI_cleanup_ptr                       
20003834  __TI_dtors_ptr                         
20003838  __TI_enable_exit_profile_output        
2000383c  _lock                                  
20003840  _unlock                                
2000384c  Kp                                     
20003850  Set_Point                              
20003860  SystemCoreClock                        
2000fe00  __stack                                
20010000  __STACK_END                            
4000480c  WDTCTL_SYM                             
ffffffff  __TI_pprof_out_hndl                    
ffffffff  __TI_prof_data_size                    
ffffffff  __TI_prof_data_start                   
ffffffff  __binit__                              
ffffffff  __c_args__                             
ffffffff  binit                                  
UNDEFED   __mpu_init                             
UNDEFED   _system_post_cinit                     

[289 symbols]
