<?xml version="1.0" encoding="ISO-8859-1" ?>
<link_info>
   <banner>TI ARM Linker Unix v20.2.7.LTS</banner>
   <copyright>Copyright (c) 1996-2018 Texas Instruments Incorporated</copyright>
   <link_time>0x6618b48d</link_time>
   <link_errors>0x0</link_errors>
   <output_file>Object_Detection.out</output_file>
   <entry_point>
      <name>_c_int00_noargs</name>
      <address>0x30d9</address>
   </entry_point>
   <input_file_list>
      <input_file id="fl-2">
         <path>./</path>
         <kind>object</kind>
         <file>main.obj</file>
         <name>main.obj</name>
      </input_file>
      <input_file id="fl-3">
         <path>./</path>
         <kind>object</kind>
         <file>startup_msp432p401r_ccs.obj</file>
         <name>startup_msp432p401r_ccs.obj</name>
      </input_file>
      <input_file id="fl-4">
         <path>./</path>
         <kind>object</kind>
         <file>system_msp432p401r.obj</file>
         <name>system_msp432p401r.obj</name>
      </input_file>
      <input_file id="fl-5">
         <path>./src/</path>
         <kind>object</kind>
         <file>Analog_Distance_Sensors.obj</file>
         <name>Analog_Distance_Sensors.obj</name>
      </input_file>
      <input_file id="fl-6">
         <path>./src/</path>
         <kind>object</kind>
         <file>Barcode_Scanner.obj</file>
         <name>Barcode_Scanner.obj</name>
      </input_file>
      <input_file id="fl-7">
         <path>./src/</path>
         <kind>object</kind>
         <file>Bumper_Switches.obj</file>
         <name>Bumper_Switches.obj</name>
      </input_file>
      <input_file id="fl-8">
         <path>./src/</path>
         <kind>object</kind>
         <file>Buzzer.obj</file>
         <name>Buzzer.obj</name>
      </input_file>
      <input_file id="fl-9">
         <path>./src/</path>
         <kind>object</kind>
         <file>Clock.obj</file>
         <name>Clock.obj</name>
      </input_file>
      <input_file id="fl-a">
         <path>./src/</path>
         <kind>object</kind>
         <file>CortexM.obj</file>
         <name>CortexM.obj</name>
      </input_file>
      <input_file id="fl-b">
         <path>./src/</path>
         <kind>object</kind>
         <file>EUSCI_A0_UART.obj</file>
         <name>EUSCI_A0_UART.obj</name>
      </input_file>
      <input_file id="fl-c">
         <path>./src/</path>
         <kind>object</kind>
         <file>EUSCI_A3_UART.obj</file>
         <name>EUSCI_A3_UART.obj</name>
      </input_file>
      <input_file id="fl-d">
         <path>./src/</path>
         <kind>object</kind>
         <file>EUSCI_B1_I2C.obj</file>
         <name>EUSCI_B1_I2C.obj</name>
      </input_file>
      <input_file id="fl-e">
         <path>./src/</path>
         <kind>object</kind>
         <file>GPIO.obj</file>
         <name>GPIO.obj</name>
      </input_file>
      <input_file id="fl-f">
         <path>./src/</path>
         <kind>object</kind>
         <file>LPF.obj</file>
         <name>LPF.obj</name>
      </input_file>
      <input_file id="fl-10">
         <path>./src/</path>
         <kind>object</kind>
         <file>Motor.obj</file>
         <name>Motor.obj</name>
      </input_file>
      <input_file id="fl-11">
         <path>./src/</path>
         <kind>object</kind>
         <file>OPT3001.obj</file>
         <name>OPT3001.obj</name>
      </input_file>
      <input_file id="fl-12">
         <path>./src/</path>
         <kind>object</kind>
         <file>OPT3101.obj</file>
         <name>OPT3101.obj</name>
      </input_file>
      <input_file id="fl-13">
         <path>./src/</path>
         <kind>object</kind>
         <file>Print_Binary.obj</file>
         <name>Print_Binary.obj</name>
      </input_file>
      <input_file id="fl-14">
         <path>./src/</path>
         <kind>object</kind>
         <file>Reflectance_Sensor.obj</file>
         <name>Reflectance_Sensor.obj</name>
      </input_file>
      <input_file id="fl-15">
         <path>./src/</path>
         <kind>object</kind>
         <file>SysTick_Interrupt.obj</file>
         <name>SysTick_Interrupt.obj</name>
      </input_file>
      <input_file id="fl-16">
         <path>./src/</path>
         <kind>object</kind>
         <file>Tachometer.obj</file>
         <name>Tachometer.obj</name>
      </input_file>
      <input_file id="fl-17">
         <path>./src/</path>
         <kind>object</kind>
         <file>Timer_A0_Interrupt.obj</file>
         <name>Timer_A0_Interrupt.obj</name>
      </input_file>
      <input_file id="fl-18">
         <path>./src/</path>
         <kind>object</kind>
         <file>Timer_A0_PWM.obj</file>
         <name>Timer_A0_PWM.obj</name>
      </input_file>
      <input_file id="fl-19">
         <path>./src/</path>
         <kind>object</kind>
         <file>Timer_A1_Interrupt.obj</file>
         <name>Timer_A1_Interrupt.obj</name>
      </input_file>
      <input_file id="fl-1a">
         <path>./src/</path>
         <kind>object</kind>
         <file>Timer_A2_Capture.obj</file>
         <name>Timer_A2_Capture.obj</name>
      </input_file>
      <input_file id="fl-1b">
         <path>./src/</path>
         <kind>object</kind>
         <file>Timer_A2_Interrupt.obj</file>
         <name>Timer_A2_Interrupt.obj</name>
      </input_file>
      <input_file id="fl-1c">
         <path>./src/</path>
         <kind>object</kind>
         <file>Timer_A2_PWM.obj</file>
         <name>Timer_A2_PWM.obj</name>
      </input_file>
      <input_file id="fl-1d">
         <path>./src/</path>
         <kind>object</kind>
         <file>Timer_A3_Capture.obj</file>
         <name>Timer_A3_Capture.obj</name>
      </input_file>
      <input_file id="fl-21">
         <kind>object</kind>
         <file>&lt;internal&gt;</file>
         <name>&lt;internal&gt;</name>
      </input_file>
      <input_file id="fl-d7">
         <path>/Applications/ti/ccs1260/ccs/tools/compiler/ti-cgt-arm_20.2.7.LTS/lib/</path>
         <kind>archive</kind>
         <file>rtsv7M4_T_le_v4SPD16_eabi.lib</file>
         <name>printf.c.obj</name>
      </input_file>
      <input_file id="fl-d8">
         <path>/Applications/ti/ccs1260/ccs/tools/compiler/ti-cgt-arm_20.2.7.LTS/lib/</path>
         <kind>archive</kind>
         <file>rtsv7M4_T_le_v4SPD16_eabi.lib</file>
         <name>_printfi.c.obj</name>
      </input_file>
      <input_file id="fl-d9">
         <path>/Applications/ti/ccs1260/ccs/tools/compiler/ti-cgt-arm_20.2.7.LTS/lib/</path>
         <kind>archive</kind>
         <file>rtsv7M4_T_le_v4SPD16_eabi.lib</file>
         <name>fopen.c.obj</name>
      </input_file>
      <input_file id="fl-da">
         <path>/Applications/ti/ccs1260/ccs/tools/compiler/ti-cgt-arm_20.2.7.LTS/lib/</path>
         <kind>archive</kind>
         <file>rtsv7M4_T_le_v4SPD16_eabi.lib</file>
         <name>fputc.c.obj</name>
      </input_file>
      <input_file id="fl-db">
         <path>/Applications/ti/ccs1260/ccs/tools/compiler/ti-cgt-arm_20.2.7.LTS/lib/</path>
         <kind>archive</kind>
         <file>rtsv7M4_T_le_v4SPD16_eabi.lib</file>
         <name>fputs.c.obj</name>
      </input_file>
      <input_file id="fl-dc">
         <path>/Applications/ti/ccs1260/ccs/tools/compiler/ti-cgt-arm_20.2.7.LTS/lib/</path>
         <kind>archive</kind>
         <file>rtsv7M4_T_le_v4SPD16_eabi.lib</file>
         <name>_io_perm.c.obj</name>
      </input_file>
      <input_file id="fl-dd">
         <path>/Applications/ti/ccs1260/ccs/tools/compiler/ti-cgt-arm_20.2.7.LTS/lib/</path>
         <kind>archive</kind>
         <file>rtsv7M4_T_le_v4SPD16_eabi.lib</file>
         <name>setvbuf.c.obj</name>
      </input_file>
      <input_file id="fl-de">
         <path>/Applications/ti/ccs1260/ccs/tools/compiler/ti-cgt-arm_20.2.7.LTS/lib/</path>
         <kind>archive</kind>
         <file>rtsv7M4_T_le_v4SPD16_eabi.lib</file>
         <name>fd_add_t2.asm.obj</name>
      </input_file>
      <input_file id="fl-df">
         <path>/Applications/ti/ccs1260/ccs/tools/compiler/ti-cgt-arm_20.2.7.LTS/lib/</path>
         <kind>archive</kind>
         <file>rtsv7M4_T_le_v4SPD16_eabi.lib</file>
         <name>fd_cmp_t2.asm.obj</name>
      </input_file>
      <input_file id="fl-e0">
         <path>/Applications/ti/ccs1260/ccs/tools/compiler/ti-cgt-arm_20.2.7.LTS/lib/</path>
         <kind>archive</kind>
         <file>rtsv7M4_T_le_v4SPD16_eabi.lib</file>
         <name>fd_div_t2.asm.obj</name>
      </input_file>
      <input_file id="fl-e1">
         <path>/Applications/ti/ccs1260/ccs/tools/compiler/ti-cgt-arm_20.2.7.LTS/lib/</path>
         <kind>archive</kind>
         <file>rtsv7M4_T_le_v4SPD16_eabi.lib</file>
         <name>fd_mul_t2.asm.obj</name>
      </input_file>
      <input_file id="fl-e2">
         <path>/Applications/ti/ccs1260/ccs/tools/compiler/ti-cgt-arm_20.2.7.LTS/lib/</path>
         <kind>archive</kind>
         <file>rtsv7M4_T_le_v4SPD16_eabi.lib</file>
         <name>fd_toi_t2.asm.obj</name>
      </input_file>
      <input_file id="fl-e3">
         <path>/Applications/ti/ccs1260/ccs/tools/compiler/ti-cgt-arm_20.2.7.LTS/lib/</path>
         <kind>archive</kind>
         <file>rtsv7M4_T_le_v4SPD16_eabi.lib</file>
         <name>i_tofd_t2.asm.obj</name>
      </input_file>
      <input_file id="fl-e4">
         <path>/Applications/ti/ccs1260/ccs/tools/compiler/ti-cgt-arm_20.2.7.LTS/lib/</path>
         <kind>archive</kind>
         <file>rtsv7M4_T_le_v4SPD16_eabi.lib</file>
         <name>memcpy_t2.asm.obj</name>
      </input_file>
      <input_file id="fl-e5">
         <path>/Applications/ti/ccs1260/ccs/tools/compiler/ti-cgt-arm_20.2.7.LTS/lib/</path>
         <kind>archive</kind>
         <file>rtsv7M4_T_le_v4SPD16_eabi.lib</file>
         <name>memset_t2.asm.obj</name>
      </input_file>
      <input_file id="fl-e6">
         <path>/Applications/ti/ccs1260/ccs/tools/compiler/ti-cgt-arm_20.2.7.LTS/lib/</path>
         <kind>archive</kind>
         <file>rtsv7M4_T_le_v4SPD16_eabi.lib</file>
         <name>ull_div_t2.asm.obj</name>
      </input_file>
      <input_file id="fl-e7">
         <path>/Applications/ti/ccs1260/ccs/tools/compiler/ti-cgt-arm_20.2.7.LTS/lib/</path>
         <kind>archive</kind>
         <file>rtsv7M4_T_le_v4SPD16_eabi.lib</file>
         <name>copy_zero_init.c.obj</name>
      </input_file>
      <input_file id="fl-e8">
         <path>/Applications/ti/ccs1260/ccs/tools/compiler/ti-cgt-arm_20.2.7.LTS/lib/</path>
         <kind>archive</kind>
         <file>rtsv7M4_T_le_v4SPD16_eabi.lib</file>
         <name>copy_decompress_none.c.obj</name>
      </input_file>
      <input_file id="fl-e9">
         <path>/Applications/ti/ccs1260/ccs/tools/compiler/ti-cgt-arm_20.2.7.LTS/lib/</path>
         <kind>archive</kind>
         <file>rtsv7M4_T_le_v4SPD16_eabi.lib</file>
         <name>copy_decompress_lzss.c.obj</name>
      </input_file>
      <input_file id="fl-ea">
         <path>/Applications/ti/ccs1260/ccs/tools/compiler/ti-cgt-arm_20.2.7.LTS/lib/</path>
         <kind>archive</kind>
         <file>rtsv7M4_T_le_v4SPD16_eabi.lib</file>
         <name>exit.c.obj</name>
      </input_file>
      <input_file id="fl-eb">
         <path>/Applications/ti/ccs1260/ccs/tools/compiler/ti-cgt-arm_20.2.7.LTS/lib/</path>
         <kind>archive</kind>
         <file>rtsv7M4_T_le_v4SPD16_eabi.lib</file>
         <name>_lock.c.obj</name>
      </input_file>
      <input_file id="fl-ec">
         <path>/Applications/ti/ccs1260/ccs/tools/compiler/ti-cgt-arm_20.2.7.LTS/lib/</path>
         <kind>archive</kind>
         <file>rtsv7M4_T_le_v4SPD16_eabi.lib</file>
         <name>_ltoa.c.obj</name>
      </input_file>
      <input_file id="fl-ed">
         <path>/Applications/ti/ccs1260/ccs/tools/compiler/ti-cgt-arm_20.2.7.LTS/lib/</path>
         <kind>archive</kind>
         <file>rtsv7M4_T_le_v4SPD16_eabi.lib</file>
         <name>atoi.c.obj</name>
      </input_file>
      <input_file id="fl-ee">
         <path>/Applications/ti/ccs1260/ccs/tools/compiler/ti-cgt-arm_20.2.7.LTS/lib/</path>
         <kind>archive</kind>
         <file>rtsv7M4_T_le_v4SPD16_eabi.lib</file>
         <name>ctype.c.obj</name>
      </input_file>
      <input_file id="fl-ef">
         <path>/Applications/ti/ccs1260/ccs/tools/compiler/ti-cgt-arm_20.2.7.LTS/lib/</path>
         <kind>archive</kind>
         <file>rtsv7M4_T_le_v4SPD16_eabi.lib</file>
         <name>defs.c.obj</name>
      </input_file>
      <input_file id="fl-f0">
         <path>/Applications/ti/ccs1260/ccs/tools/compiler/ti-cgt-arm_20.2.7.LTS/lib/</path>
         <kind>archive</kind>
         <file>rtsv7M4_T_le_v4SPD16_eabi.lib</file>
         <name>memccpy.c.obj</name>
      </input_file>
      <input_file id="fl-f1">
         <path>/Applications/ti/ccs1260/ccs/tools/compiler/ti-cgt-arm_20.2.7.LTS/lib/</path>
         <kind>archive</kind>
         <file>rtsv7M4_T_le_v4SPD16_eabi.lib</file>
         <name>memchr.c.obj</name>
      </input_file>
      <input_file id="fl-f2">
         <path>/Applications/ti/ccs1260/ccs/tools/compiler/ti-cgt-arm_20.2.7.LTS/lib/</path>
         <kind>archive</kind>
         <file>rtsv7M4_T_le_v4SPD16_eabi.lib</file>
         <name>memory.c.obj</name>
      </input_file>
      <input_file id="fl-f3">
         <path>/Applications/ti/ccs1260/ccs/tools/compiler/ti-cgt-arm_20.2.7.LTS/lib/</path>
         <kind>archive</kind>
         <file>rtsv7M4_T_le_v4SPD16_eabi.lib</file>
         <name>strchr.c.obj</name>
      </input_file>
      <input_file id="fl-f4">
         <path>/Applications/ti/ccs1260/ccs/tools/compiler/ti-cgt-arm_20.2.7.LTS/lib/</path>
         <kind>archive</kind>
         <file>rtsv7M4_T_le_v4SPD16_eabi.lib</file>
         <name>strlen.c.obj</name>
      </input_file>
      <input_file id="fl-f5">
         <path>/Applications/ti/ccs1260/ccs/tools/compiler/ti-cgt-arm_20.2.7.LTS/lib/</path>
         <kind>archive</kind>
         <file>rtsv7M4_T_le_v4SPD16_eabi.lib</file>
         <name>strstr.c.obj</name>
      </input_file>
      <input_file id="fl-f6">
         <path>/Applications/ti/ccs1260/ccs/tools/compiler/ti-cgt-arm_20.2.7.LTS/lib/</path>
         <kind>archive</kind>
         <file>rtsv7M4_T_le_v4SPD16_eabi.lib</file>
         <name>boot_cortex_m.c.obj</name>
      </input_file>
      <input_file id="fl-f7">
         <path>/Applications/ti/ccs1260/ccs/tools/compiler/ti-cgt-arm_20.2.7.LTS/lib/</path>
         <kind>archive</kind>
         <file>rtsv7M4_T_le_v4SPD16_eabi.lib</file>
         <name>write.c.obj</name>
      </input_file>
      <input_file id="fl-f8">
         <path>/Applications/ti/ccs1260/ccs/tools/compiler/ti-cgt-arm_20.2.7.LTS/lib/</path>
         <kind>archive</kind>
         <file>rtsv7M4_T_le_v4SPD16_eabi.lib</file>
         <name>host_device.c.obj</name>
      </input_file>
      <input_file id="fl-f9">
         <path>/Applications/ti/ccs1260/ccs/tools/compiler/ti-cgt-arm_20.2.7.LTS/lib/</path>
         <kind>archive</kind>
         <file>rtsv7M4_T_le_v4SPD16_eabi.lib</file>
         <name>open.c.obj</name>
      </input_file>
      <input_file id="fl-fa">
         <path>/Applications/ti/ccs1260/ccs/tools/compiler/ti-cgt-arm_20.2.7.LTS/lib/</path>
         <kind>archive</kind>
         <file>rtsv7M4_T_le_v4SPD16_eabi.lib</file>
         <name>add_device.c.obj</name>
      </input_file>
      <input_file id="fl-fb">
         <path>/Applications/ti/ccs1260/ccs/tools/compiler/ti-cgt-arm_20.2.7.LTS/lib/</path>
         <kind>archive</kind>
         <file>rtsv7M4_T_le_v4SPD16_eabi.lib</file>
         <name>errno.c.obj</name>
      </input_file>
      <input_file id="fl-fc">
         <path>/Applications/ti/ccs1260/ccs/tools/compiler/ti-cgt-arm_20.2.7.LTS/lib/</path>
         <kind>archive</kind>
         <file>rtsv7M4_T_le_v4SPD16_eabi.lib</file>
         <name>wcslen.c.obj</name>
      </input_file>
      <input_file id="fl-fd">
         <path>/Applications/ti/ccs1260/ccs/tools/compiler/ti-cgt-arm_20.2.7.LTS/lib/</path>
         <kind>archive</kind>
         <file>rtsv7M4_T_le_v4SPD16_eabi.lib</file>
         <name>s_frexp.c.obj</name>
      </input_file>
      <input_file id="fl-fe">
         <path>/Applications/ti/ccs1260/ccs/tools/compiler/ti-cgt-arm_20.2.7.LTS/lib/</path>
         <kind>archive</kind>
         <file>rtsv7M4_T_le_v4SPD16_eabi.lib</file>
         <name>s_scalbn.c.obj</name>
      </input_file>
      <input_file id="fl-ff">
         <path>/Applications/ti/ccs1260/ccs/tools/compiler/ti-cgt-arm_20.2.7.LTS/lib/</path>
         <kind>archive</kind>
         <file>rtsv7M4_T_le_v4SPD16_eabi.lib</file>
         <name>fclose.c.obj</name>
      </input_file>
      <input_file id="fl-100">
         <path>/Applications/ti/ccs1260/ccs/tools/compiler/ti-cgt-arm_20.2.7.LTS/lib/</path>
         <kind>archive</kind>
         <file>rtsv7M4_T_le_v4SPD16_eabi.lib</file>
         <name>fflush.c.obj</name>
      </input_file>
      <input_file id="fl-101">
         <path>/Applications/ti/ccs1260/ccs/tools/compiler/ti-cgt-arm_20.2.7.LTS/lib/</path>
         <kind>archive</kind>
         <file>rtsv7M4_T_le_v4SPD16_eabi.lib</file>
         <name>fseek.c.obj</name>
      </input_file>
      <input_file id="fl-102">
         <path>/Applications/ti/ccs1260/ccs/tools/compiler/ti-cgt-arm_20.2.7.LTS/lib/</path>
         <kind>archive</kind>
         <file>rtsv7M4_T_le_v4SPD16_eabi.lib</file>
         <name>getdevice.c.obj</name>
      </input_file>
      <input_file id="fl-103">
         <path>/Applications/ti/ccs1260/ccs/tools/compiler/ti-cgt-arm_20.2.7.LTS/lib/</path>
         <kind>archive</kind>
         <file>rtsv7M4_T_le_v4SPD16_eabi.lib</file>
         <name>div0.asm.obj</name>
      </input_file>
      <input_file id="fl-104">
         <path>/Applications/ti/ccs1260/ccs/tools/compiler/ti-cgt-arm_20.2.7.LTS/lib/</path>
         <kind>archive</kind>
         <file>rtsv7M4_T_le_v4SPD16_eabi.lib</file>
         <name>autoinit.c.obj</name>
      </input_file>
      <input_file id="fl-105">
         <path>/Applications/ti/ccs1260/ccs/tools/compiler/ti-cgt-arm_20.2.7.LTS/lib/</path>
         <kind>archive</kind>
         <file>rtsv7M4_T_le_v4SPD16_eabi.lib</file>
         <name>pre_init.c.obj</name>
      </input_file>
      <input_file id="fl-106">
         <path>/Applications/ti/ccs1260/ccs/tools/compiler/ti-cgt-arm_20.2.7.LTS/lib/</path>
         <kind>archive</kind>
         <file>rtsv7M4_T_le_v4SPD16_eabi.lib</file>
         <name>cpy_tbl.c.obj</name>
      </input_file>
      <input_file id="fl-107">
         <path>/Applications/ti/ccs1260/ccs/tools/compiler/ti-cgt-arm_20.2.7.LTS/lib/</path>
         <kind>archive</kind>
         <file>rtsv7M4_T_le_v4SPD16_eabi.lib</file>
         <name>args_main.c.obj</name>
      </input_file>
      <input_file id="fl-108">
         <path>/Applications/ti/ccs1260/ccs/tools/compiler/ti-cgt-arm_20.2.7.LTS/lib/</path>
         <kind>archive</kind>
         <file>rtsv7M4_T_le_v4SPD16_eabi.lib</file>
         <name>strcmp.c.obj</name>
      </input_file>
      <input_file id="fl-109">
         <path>/Applications/ti/ccs1260/ccs/tools/compiler/ti-cgt-arm_20.2.7.LTS/lib/</path>
         <kind>archive</kind>
         <file>rtsv7M4_T_le_v4SPD16_eabi.lib</file>
         <name>strncpy.c.obj</name>
      </input_file>
      <input_file id="fl-10a">
         <path>/Applications/ti/ccs1260/ccs/tools/compiler/ti-cgt-arm_20.2.7.LTS/lib/</path>
         <kind>archive</kind>
         <file>rtsv7M4_T_le_v4SPD16_eabi.lib</file>
         <name>hostclose.c.obj</name>
      </input_file>
      <input_file id="fl-10b">
         <path>/Applications/ti/ccs1260/ccs/tools/compiler/ti-cgt-arm_20.2.7.LTS/lib/</path>
         <kind>archive</kind>
         <file>rtsv7M4_T_le_v4SPD16_eabi.lib</file>
         <name>hostlseek.c.obj</name>
      </input_file>
      <input_file id="fl-10c">
         <path>/Applications/ti/ccs1260/ccs/tools/compiler/ti-cgt-arm_20.2.7.LTS/lib/</path>
         <kind>archive</kind>
         <file>rtsv7M4_T_le_v4SPD16_eabi.lib</file>
         <name>hostopen.c.obj</name>
      </input_file>
      <input_file id="fl-10d">
         <path>/Applications/ti/ccs1260/ccs/tools/compiler/ti-cgt-arm_20.2.7.LTS/lib/</path>
         <kind>archive</kind>
         <file>rtsv7M4_T_le_v4SPD16_eabi.lib</file>
         <name>hostread.c.obj</name>
      </input_file>
      <input_file id="fl-10e">
         <path>/Applications/ti/ccs1260/ccs/tools/compiler/ti-cgt-arm_20.2.7.LTS/lib/</path>
         <kind>archive</kind>
         <file>rtsv7M4_T_le_v4SPD16_eabi.lib</file>
         <name>hostrename.c.obj</name>
      </input_file>
      <input_file id="fl-10f">
         <path>/Applications/ti/ccs1260/ccs/tools/compiler/ti-cgt-arm_20.2.7.LTS/lib/</path>
         <kind>archive</kind>
         <file>rtsv7M4_T_le_v4SPD16_eabi.lib</file>
         <name>hostunlink.c.obj</name>
      </input_file>
      <input_file id="fl-110">
         <path>/Applications/ti/ccs1260/ccs/tools/compiler/ti-cgt-arm_20.2.7.LTS/lib/</path>
         <kind>archive</kind>
         <file>rtsv7M4_T_le_v4SPD16_eabi.lib</file>
         <name>hostwrite.c.obj</name>
      </input_file>
      <input_file id="fl-111">
         <path>/Applications/ti/ccs1260/ccs/tools/compiler/ti-cgt-arm_20.2.7.LTS/lib/</path>
         <kind>archive</kind>
         <file>rtsv7M4_T_le_v4SPD16_eabi.lib</file>
         <name>trgmsg.c.obj</name>
      </input_file>
      <input_file id="fl-112">
         <path>/Applications/ti/ccs1260/ccs/tools/compiler/ti-cgt-arm_20.2.7.LTS/lib/</path>
         <kind>archive</kind>
         <file>rtsv7M4_T_le_v4SPD16_eabi.lib</file>
         <name>remove.c.obj</name>
      </input_file>
      <input_file id="fl-113">
         <path>/Applications/ti/ccs1260/ccs/tools/compiler/ti-cgt-arm_20.2.7.LTS/lib/</path>
         <kind>archive</kind>
         <file>rtsv7M4_T_le_v4SPD16_eabi.lib</file>
         <name>lseek.c.obj</name>
      </input_file>
      <input_file id="fl-114">
         <path>/Applications/ti/ccs1260/ccs/tools/compiler/ti-cgt-arm_20.2.7.LTS/lib/</path>
         <kind>archive</kind>
         <file>rtsv7M4_T_le_v4SPD16_eabi.lib</file>
         <name>close.c.obj</name>
      </input_file>
      <input_file id="fl-115">
         <path>/Applications/ti/ccs1260/ccs/tools/compiler/ti-cgt-arm_20.2.7.LTS/lib/</path>
         <kind>archive</kind>
         <file>rtsv7M4_T_le_v4SPD16_eabi.lib</file>
         <name>s_copysign.c.obj</name>
      </input_file>
      <input_file id="fl-116">
         <path>/Applications/ti/ccs1260/ccs/tools/compiler/ti-cgt-arm_20.2.7.LTS/lib/</path>
         <kind>archive</kind>
         <file>rtsv7M4_T_le_v4SPD16_eabi.lib</file>
         <name>strcpy.c.obj</name>
      </input_file>
      <input_file id="fl-117">
         <path>/Applications/ti/ccs1260/ccs/tools/compiler/ti-cgt-arm_20.2.7.LTS/lib/</path>
         <kind>archive</kind>
         <file>rtsv7M4_T_le_v4SPD16_eabi.lib</file>
         <name>unlink.c.obj</name>
      </input_file>
   </input_file_list>
   <object_component_list>
      <object_component id="oc-26">
         <name>.intvecs:retain</name>
         <load_address>0x0</load_address>
         <run_address>0x0</run_address>
         <size>0xe4</size>
         <input_file_ref idref="fl-3"/>
      </object_component>
      <object_component id="oc-e3">
         <name>.text</name>
         <load_address>0xe4</load_address>
         <run_address>0xe4</run_address>
         <size>0x5d0</size>
         <input_file_ref idref="fl-f"/>
      </object_component>
      <object_component id="oc-9a">
         <name>.text</name>
         <load_address>0x6b4</load_address>
         <run_address>0x6b4</run_address>
         <size>0x4d8</size>
         <input_file_ref idref="fl-12"/>
      </object_component>
      <object_component id="oc-107">
         <name>.text</name>
         <load_address>0xb8c</load_address>
         <run_address>0xb8c</run_address>
         <size>0x4c4</size>
         <input_file_ref idref="fl-b"/>
      </object_component>
      <object_component id="oc-70">
         <name>.text</name>
         <load_address>0x1050</load_address>
         <run_address>0x1050</run_address>
         <size>0x3dc</size>
         <input_file_ref idref="fl-2"/>
      </object_component>
      <object_component id="oc-d6">
         <name>.text</name>
         <load_address>0x142c</load_address>
         <run_address>0x142c</run_address>
         <size>0x32c</size>
         <input_file_ref idref="fl-4"/>
      </object_component>
      <object_component id="oc-136">
         <name>.text</name>
         <load_address>0x1758</load_address>
         <run_address>0x1758</run_address>
         <size>0x228</size>
         <input_file_ref idref="fl-d"/>
      </object_component>
      <object_component id="oc-fb">
         <name>.text</name>
         <load_address>0x1980</load_address>
         <run_address>0x1980</run_address>
         <size>0x1e0</size>
         <input_file_ref idref="fl-9"/>
      </object_component>
      <object_component id="oc-e9">
         <name>.text</name>
         <load_address>0x1b60</load_address>
         <run_address>0x1b60</run_address>
         <size>0x178</size>
         <input_file_ref idref="fl-10"/>
      </object_component>
      <object_component id="oc-dd">
         <name>.text</name>
         <load_address>0x1cd8</load_address>
         <run_address>0x1cd8</run_address>
         <size>0x120</size>
         <input_file_ref idref="fl-5"/>
      </object_component>
      <object_component id="oc-259">
         <name>.text:_openfile</name>
         <load_address>0x1df8</load_address>
         <run_address>0x1df8</run_address>
         <size>0x110</size>
         <input_file_ref idref="fl-d9"/>
      </object_component>
      <object_component id="oc-8e">
         <name>.text</name>
         <load_address>0x1f08</load_address>
         <run_address>0x1f08</run_address>
         <size>0x100</size>
         <input_file_ref idref="fl-1d"/>
      </object_component>
      <object_component id="oc-328">
         <name>.text:aligned_alloc</name>
         <load_address>0x2008</load_address>
         <run_address>0x2008</run_address>
         <size>0x100</size>
         <input_file_ref idref="fl-f2"/>
      </object_component>
      <object_component id="oc-94">
         <name>.text</name>
         <load_address>0x2108</load_address>
         <run_address>0x2108</run_address>
         <size>0xe8</size>
         <input_file_ref idref="fl-7"/>
      </object_component>
      <object_component id="oc-1c3">
         <name>.text</name>
         <load_address>0x21f0</load_address>
         <run_address>0x21f0</run_address>
         <size>0xe8</size>
         <input_file_ref idref="fl-18"/>
      </object_component>
      <object_component id="oc-26c">
         <name>.text:free</name>
         <load_address>0x22d8</load_address>
         <run_address>0x22d8</run_address>
         <size>0xe4</size>
         <input_file_ref idref="fl-f2"/>
      </object_component>
      <object_component id="oc-1ef">
         <name>.text:setvbuf</name>
         <load_address>0x23bc</load_address>
         <run_address>0x23bc</run_address>
         <size>0xdc</size>
         <input_file_ref idref="fl-dd"/>
      </object_component>
      <object_component id="oc-88">
         <name>.text</name>
         <load_address>0x2498</load_address>
         <run_address>0x2498</run_address>
         <size>0xbc</size>
         <input_file_ref idref="fl-1a"/>
      </object_component>
      <object_component id="oc-2f6">
         <name>.text:open</name>
         <load_address>0x2554</load_address>
         <run_address>0x2554</run_address>
         <size>0xbc</size>
         <input_file_ref idref="fl-f9"/>
      </object_component>
      <object_component id="oc-1dd">
         <name>.text:add_device</name>
         <load_address>0x2610</load_address>
         <run_address>0x2610</run_address>
         <size>0xb8</size>
         <input_file_ref idref="fl-fa"/>
      </object_component>
      <object_component id="oc-76">
         <name>.text</name>
         <load_address>0x26c8</load_address>
         <run_address>0x26c8</run_address>
         <size>0xb4</size>
         <input_file_ref idref="fl-17"/>
      </object_component>
      <object_component id="oc-7c">
         <name>.text</name>
         <load_address>0x277c</load_address>
         <run_address>0x277c</run_address>
         <size>0xb0</size>
         <input_file_ref idref="fl-19"/>
      </object_component>
      <object_component id="oc-82">
         <name>.text</name>
         <load_address>0x282c</load_address>
         <run_address>0x282c</run_address>
         <size>0xb0</size>
         <input_file_ref idref="fl-1b"/>
      </object_component>
      <object_component id="oc-1e3">
         <name>.text:fopen</name>
         <load_address>0x28dc</load_address>
         <run_address>0x28dc</run_address>
         <size>0x9c</size>
         <input_file_ref idref="fl-d9"/>
      </object_component>
      <object_component id="oc-3a">
         <name>.text</name>
         <load_address>0x2978</load_address>
         <run_address>0x2978</run_address>
         <size>0x9c</size>
         <input_file_ref idref="fl-e4"/>
      </object_component>
      <object_component id="oc-be">
         <name>.text</name>
         <load_address>0x2a14</load_address>
         <run_address>0x2a14</run_address>
         <size>0x7a</size>
         <input_file_ref idref="fl-e5"/>
      </object_component>
      <object_component id="oc-294">
         <name>.text:_nop</name>
         <load_address>0x2a8e</load_address>
         <run_address>0x2a8e</run_address>
         <size>0x2</size>
         <input_file_ref idref="fl-eb"/>
      </object_component>
      <object_component id="oc-265">
         <name>.text:__TI_closefile</name>
         <load_address>0x2a90</load_address>
         <run_address>0x2a90</run_address>
         <size>0x74</size>
         <input_file_ref idref="fl-ff"/>
      </object_component>
      <object_component id="oc-399">
         <name>.text:split</name>
         <load_address>0x2b04</load_address>
         <run_address>0x2b04</run_address>
         <size>0x70</size>
         <input_file_ref idref="fl-f2"/>
      </object_component>
      <object_component id="oc-2e1">
         <name>.text:HOSTrename</name>
         <load_address>0x2b74</load_address>
         <run_address>0x2b74</run_address>
         <size>0x6c</size>
         <input_file_ref idref="fl-10e"/>
      </object_component>
      <object_component id="oc-2d5">
         <name>.text:HOSTlseek</name>
         <load_address>0x2be0</load_address>
         <run_address>0x2be0</run_address>
         <size>0x68</size>
         <input_file_ref idref="fl-10b"/>
      </object_component>
      <object_component id="oc-17">
         <name>.text:decompress:lzss:__TI_decompress_lzss</name>
         <load_address>0x2c48</load_address>
         <run_address>0x2c48</run_address>
         <size>0x68</size>
         <input_file_ref idref="fl-e9"/>
      </object_component>
      <object_component id="oc-2bd">
         <name>.text:HOSTopen</name>
         <load_address>0x2cb0</load_address>
         <run_address>0x2cb0</run_address>
         <size>0x60</size>
         <input_file_ref idref="fl-10c"/>
      </object_component>
      <object_component id="oc-30c">
         <name>.text:close</name>
         <load_address>0x2d10</load_address>
         <run_address>0x2d10</run_address>
         <size>0x5c</size>
         <input_file_ref idref="fl-114"/>
      </object_component>
      <object_component id="oc-2c9">
         <name>.text:HOSTread</name>
         <load_address>0x2d6c</load_address>
         <run_address>0x2d6c</run_address>
         <size>0x58</size>
         <input_file_ref idref="fl-10d"/>
      </object_component>
      <object_component id="oc-2cf">
         <name>.text:HOSTwrite</name>
         <load_address>0x2dc4</load_address>
         <run_address>0x2dc4</run_address>
         <size>0x58</size>
         <input_file_ref idref="fl-110"/>
      </object_component>
      <object_component id="oc-306">
         <name>.text:__TI_doflush</name>
         <load_address>0x2e1c</load_address>
         <run_address>0x2e1c</run_address>
         <size>0x4c</size>
         <input_file_ref idref="fl-100"/>
      </object_component>
      <object_component id="oc-174">
         <name>.text:exit</name>
         <load_address>0x2e68</load_address>
         <run_address>0x2e68</run_address>
         <size>0x48</size>
         <input_file_ref idref="fl-ea"/>
      </object_component>
      <object_component id="oc-2c3">
         <name>.text:HOSTclose</name>
         <load_address>0x2eb0</load_address>
         <run_address>0x2eb0</run_address>
         <size>0x44</size>
         <input_file_ref idref="fl-10a"/>
      </object_component>
      <object_component id="oc-2db">
         <name>.text:HOSTunlink</name>
         <load_address>0x2ef4</load_address>
         <run_address>0x2ef4</run_address>
         <size>0x44</size>
         <input_file_ref idref="fl-10f"/>
      </object_component>
      <object_component id="oc-17a">
         <name>.text:__TI_auto_init_nobinit_nopinit:__TI_auto_init_nobinit_nopinit</name>
         <load_address>0x2f38</load_address>
         <run_address>0x2f38</run_address>
         <size>0x44</size>
         <input_file_ref idref="fl-104"/>
      </object_component>
      <object_component id="oc-379">
         <name>.text:getdevice</name>
         <load_address>0x2f7c</load_address>
         <run_address>0x2f7c</run_address>
         <size>0x44</size>
         <input_file_ref idref="fl-102"/>
      </object_component>
      <object_component id="oc-10f">
         <name>.text</name>
         <load_address>0x2fc0</load_address>
         <run_address>0x2fc0</run_address>
         <size>0x40</size>
         <input_file_ref idref="fl-15"/>
      </object_component>
      <object_component id="oc-350">
         <name>.text:__TI_writemsg</name>
         <load_address>0x3000</load_address>
         <run_address>0x3000</run_address>
         <size>0x38</size>
         <input_file_ref idref="fl-111"/>
      </object_component>
      <object_component id="oc-24d">
         <name>.text:strncpy</name>
         <load_address>0x3038</load_address>
         <run_address>0x3038</run_address>
         <size>0x36</size>
         <input_file_ref idref="fl-109"/>
      </object_component>
      <object_component id="oc-278">
         <name>.text:__TI_cleanup</name>
         <load_address>0x3070</load_address>
         <run_address>0x3070</run_address>
         <size>0x34</size>
         <input_file_ref idref="fl-d9"/>
      </object_component>
      <object_component id="oc-356">
         <name>.text:__TI_readmsg</name>
         <load_address>0x30a4</load_address>
         <run_address>0x30a4</run_address>
         <size>0x34</size>
         <input_file_ref idref="fl-111"/>
      </object_component>
      <object_component id="oc-58">
         <name>.text:_c_int00_noargs:_c_int00_noargs</name>
         <load_address>0x30d8</load_address>
         <run_address>0x30d8</run_address>
         <size>0x34</size>
         <input_file_ref idref="fl-f6"/>
      </object_component>
      <object_component id="oc-1e9">
         <name>.text:freopen</name>
         <load_address>0x310c</load_address>
         <run_address>0x310c</run_address>
         <size>0x34</size>
         <input_file_ref idref="fl-d9"/>
      </object_component>
      <object_component id="oc-247">
         <name>.text:finddevice</name>
         <load_address>0x3140</load_address>
         <run_address>0x3140</run_address>
         <size>0x30</size>
         <input_file_ref idref="fl-102"/>
      </object_component>
      <object_component id="oc-101">
         <name>.text</name>
         <load_address>0x3170</load_address>
         <run_address>0x3170</run_address>
         <size>0x2c</size>
         <input_file_ref idref="fl-a"/>
      </object_component>
      <object_component id="oc-312">
         <name>.text:unlink</name>
         <load_address>0x319c</load_address>
         <run_address>0x319c</run_address>
         <size>0x2c</size>
         <input_file_ref idref="fl-117"/>
      </object_component>
      <object_component id="oc-321">
         <name>.text:free_list_insert</name>
         <load_address>0x31c8</load_address>
         <run_address>0x31c8</run_address>
         <size>0x28</size>
         <input_file_ref idref="fl-f2"/>
      </object_component>
      <object_component id="oc-386">
         <name>.text:write</name>
         <load_address>0x31f0</load_address>
         <run_address>0x31f0</run_address>
         <size>0x28</size>
         <input_file_ref idref="fl-f7"/>
      </object_component>
      <object_component id="oc-31b">
         <name>.text:free_list_remove</name>
         <load_address>0x3218</load_address>
         <run_address>0x3218</run_address>
         <size>0x1c</size>
         <input_file_ref idref="fl-f2"/>
      </object_component>
      <object_component id="oc-2b3">
         <name>.text:strcmp</name>
         <load_address>0x3234</load_address>
         <run_address>0x3234</run_address>
         <size>0x18</size>
         <input_file_ref idref="fl-108"/>
      </object_component>
      <object_component id="oc-3bd">
         <name>.text:strchr</name>
         <load_address>0x324c</load_address>
         <run_address>0x324c</run_address>
         <size>0x16</size>
         <input_file_ref idref="fl-f3"/>
      </object_component>
      <object_component id="oc-36a">
         <name>.text:strcpy</name>
         <load_address>0x3262</load_address>
         <run_address>0x3262</run_address>
         <size>0x14</size>
         <input_file_ref idref="fl-116"/>
      </object_component>
      <object_component id="oc-34a">
         <name>.text:strlen</name>
         <load_address>0x3276</load_address>
         <run_address>0x3276</run_address>
         <size>0x14</size>
         <input_file_ref idref="fl-f4"/>
      </object_component>
      <object_component id="oc-1d">
         <name>.text:decompress:none:__TI_decompress_none</name>
         <load_address>0x328a</load_address>
         <run_address>0x328a</run_address>
         <size>0xe</size>
         <input_file_ref idref="fl-e8"/>
      </object_component>
      <object_component id="oc-6a">
         <name>.text</name>
         <load_address>0x3298</load_address>
         <run_address>0x3298</run_address>
         <size>0xe</size>
         <input_file_ref idref="fl-3"/>
      </object_component>
      <object_component id="oc-4c">
         <name>.text:decompress:ZI:__TI_zero_init</name>
         <load_address>0x32a6</load_address>
         <run_address>0x32a6</run_address>
         <size>0xc</size>
         <input_file_ref idref="fl-e7"/>
      </object_component>
      <object_component id="oc-272">
         <name>.text:malloc</name>
         <load_address>0x32b2</load_address>
         <run_address>0x32b2</run_address>
         <size>0x8</size>
         <input_file_ref idref="fl-f2"/>
      </object_component>
      <object_component id="oc-c4">
         <name>.text:_system_pre_init</name>
         <load_address>0x32ba</load_address>
         <run_address>0x32ba</run_address>
         <size>0x4</size>
         <input_file_ref idref="fl-105"/>
      </object_component>
      <object_component id="oc-16e">
         <name>.text:abort:abort</name>
         <load_address>0x32be</load_address>
         <run_address>0x32be</run_address>
         <size>0x4</size>
         <input_file_ref idref="fl-ea"/>
      </object_component>
      <object_component id="oc-418">
         <name>.cinit..data.load</name>
         <load_address>0x32c8</load_address>
         <run_address>0x32c8</run_address>
         <size>0x79</size>
      </object_component>
      <object_component id="oc-416">
         <name>__TI_handler_table</name>
         <load_address>0x3344</load_address>
         <run_address>0x3344</run_address>
         <size>0xc</size>
      </object_component>
      <object_component id="oc-419">
         <name>.cinit..bss.load</name>
         <load_address>0x3350</load_address>
         <run_address>0x3350</run_address>
         <size>0x8</size>
      </object_component>
      <object_component id="oc-417">
         <name>__TI_cinit_table</name>
         <load_address>0x3358</load_address>
         <run_address>0x3358</run_address>
         <size>0x10</size>
      </object_component>
      <object_component id="oc-3ea">
         <name>.binit</name>
         <load_address>0x0</load_address>
         <run_address>0x0</run_address>
         <size>0x0</size>
      </object_component>
      <object_component id="oc-f7">
         <name>.data</name>
         <load_address>0x2000384c</load_address>
         <run_address>0x2000384c</run_address>
         <size>0x8</size>
         <input_file_ref idref="fl-2"/>
      </object_component>
      <object_component id="oc-1ac">
         <name>.data</name>
         <load_address>0x20003860</load_address>
         <run_address>0x20003860</run_address>
         <size>0x4</size>
         <input_file_ref idref="fl-4"/>
      </object_component>
      <object_component id="oc-1d8">
         <name>.data</name>
         <load_address>0x20003808</load_address>
         <run_address>0x20003808</run_address>
         <size>0x18</size>
         <input_file_ref idref="fl-9"/>
      </object_component>
      <object_component id="oc-25f">
         <name>.data</name>
         <load_address>0x20003858</load_address>
         <run_address>0x20003858</run_address>
         <size>0x4</size>
         <input_file_ref idref="fl-d9"/>
      </object_component>
      <object_component id="oc-21f">
         <name>.data:$O1$$</name>
         <load_address>0x20003830</load_address>
         <run_address>0x20003830</run_address>
         <size>0xc</size>
         <input_file_ref idref="fl-ea"/>
      </object_component>
      <object_component id="oc-222">
         <name>.data:$O1$$</name>
         <load_address>0x2000383c</load_address>
         <run_address>0x2000383c</run_address>
         <size>0x8</size>
         <input_file_ref idref="fl-eb"/>
      </object_component>
      <object_component id="oc-1f5">
         <name>.data:_ftable</name>
         <load_address>0x20003650</load_address>
         <run_address>0x20003650</run_address>
         <size>0xf0</size>
         <input_file_ref idref="fl-ef"/>
      </object_component>
      <object_component id="oc-260">
         <name>.data</name>
         <load_address>0x20003820</load_address>
         <run_address>0x20003820</run_address>
         <size>0x10</size>
         <input_file_ref idref="fl-ef"/>
      </object_component>
      <object_component id="oc-394">
         <name>.data:$O1$$</name>
         <load_address>0x20003844</load_address>
         <run_address>0x20003844</run_address>
         <size>0x8</size>
         <input_file_ref idref="fl-f2"/>
      </object_component>
      <object_component id="oc-254">
         <name>.data:_device</name>
         <load_address>0x20003740</load_address>
         <run_address>0x20003740</run_address>
         <size>0x78</size>
         <input_file_ref idref="fl-f8"/>
      </object_component>
      <object_component id="oc-380">
         <name>.data:_stream</name>
         <load_address>0x200037b8</load_address>
         <run_address>0x200037b8</run_address>
         <size>0x50</size>
         <input_file_ref idref="fl-f8"/>
      </object_component>
      <object_component id="oc-37f">
         <name>.data</name>
         <load_address>0x2000385c</load_address>
         <run_address>0x2000385c</run_address>
         <size>0x4</size>
         <input_file_ref idref="fl-f9"/>
      </object_component>
      <object_component id="oc-253">
         <name>.data</name>
         <load_address>0x20003854</load_address>
         <run_address>0x20003854</run_address>
         <size>0x4</size>
         <input_file_ref idref="fl-fa"/>
      </object_component>
      <object_component id="oc-13c">
         <name>.bss</name>
         <uninitialized>true</uninitialized>
         <run_address>0x200031cc</run_address>
         <size>0x8</size>
         <input_file_ref idref="fl-12"/>
      </object_component>
      <object_component id="oc-3a6">
         <name>.bss:_CIOBUF_</name>
         <uninitialized>true</uninitialized>
         <run_address>0x20003000</run_address>
         <size>0x120</size>
         <input_file_ref idref="fl-111"/>
      </object_component>
      <object_component id="oc-11f">
         <name>.common:Timer_A1_Task</name>
         <uninitialized>true</uninitialized>
         <run_address>0x2000322c</run_address>
         <size>0x4</size>
      </object_component>
      <object_component id="oc-f3">
         <name>.common:Filtered_Distance_Left</name>
         <uninitialized>true</uninitialized>
         <run_address>0x200031f4</run_address>
         <size>0x4</size>
      </object_component>
      <object_component id="oc-f2">
         <name>.common:Filtered_Distance_Center</name>
         <uninitialized>true</uninitialized>
         <run_address>0x200031f0</run_address>
         <size>0x4</size>
      </object_component>
      <object_component id="oc-ef">
         <name>.common:Filtered_Distance_Right</name>
         <uninitialized>true</uninitialized>
         <run_address>0x200031f8</run_address>
         <size>0x4</size>
      </object_component>
      <object_component id="oc-f4">
         <name>.common:Converted_Distance_Left</name>
         <uninitialized>true</uninitialized>
         <run_address>0x200031e4</run_address>
         <size>0x4</size>
      </object_component>
      <object_component id="oc-f5">
         <name>.common:Converted_Distance_Center</name>
         <uninitialized>true</uninitialized>
         <run_address>0x200031e0</run_address>
         <size>0x4</size>
      </object_component>
      <object_component id="oc-f6">
         <name>.common:Converted_Distance_Right</name>
         <uninitialized>true</uninitialized>
         <run_address>0x200031e8</run_address>
         <size>0x4</size>
      </object_component>
      <object_component id="oc-fa">
         <name>.common:Error</name>
         <uninitialized>true</uninitialized>
         <run_address>0x200031ec</run_address>
         <size>0x4</size>
      </object_component>
      <object_component id="oc-10e">
         <name>.common:Duty_Cycle_Left</name>
         <uninitialized>true</uninitialized>
         <run_address>0x2000324c</run_address>
         <size>0x2</size>
      </object_component>
      <object_component id="oc-10d">
         <name>.common:Duty_Cycle_Right</name>
         <uninitialized>true</uninitialized>
         <run_address>0x2000324e</run_address>
         <size>0x2</size>
      </object_component>
      <object_component id="oc-132">
         <name>.common:Bumper_Task</name>
         <uninitialized>true</uninitialized>
         <run_address>0x200031dc</run_address>
         <size>0x4</size>
      </object_component>
      <object_component id="oc-1b6">
         <name>.common:Size</name>
         <uninitialized>true</uninitialized>
         <run_address>0x20003224</run_address>
         <size>0x4</size>
      </object_component>
      <object_component id="oc-1b5">
         <name>.common:x</name>
         <uninitialized>true</uninitialized>
         <run_address>0x20000000</run_address>
         <size>0x1000</size>
      </object_component>
      <object_component id="oc-1b2">
         <name>.common:Pt</name>
         <uninitialized>true</uninitialized>
         <run_address>0x20003218</run_address>
         <size>0x4</size>
      </object_component>
      <object_component id="oc-1b8">
         <name>.common:I1</name>
         <uninitialized>true</uninitialized>
         <run_address>0x200031fc</run_address>
         <size>0x4</size>
      </object_component>
      <object_component id="oc-1b7">
         <name>.common:LPFSum</name>
         <uninitialized>true</uninitialized>
         <run_address>0x20003200</run_address>
         <size>0x4</size>
      </object_component>
      <object_component id="oc-1ba">
         <name>.common:x2</name>
         <uninitialized>true</uninitialized>
         <run_address>0x20001000</run_address>
         <size>0x1000</size>
      </object_component>
      <object_component id="oc-1b9">
         <name>.common:Pt2</name>
         <uninitialized>true</uninitialized>
         <run_address>0x2000321c</run_address>
         <size>0x4</size>
      </object_component>
      <object_component id="oc-1bb">
         <name>.common:LPFSum2</name>
         <uninitialized>true</uninitialized>
         <run_address>0x20003204</run_address>
         <size>0x4</size>
      </object_component>
      <object_component id="oc-1bd">
         <name>.common:x3</name>
         <uninitialized>true</uninitialized>
         <run_address>0x20002000</run_address>
         <size>0x1000</size>
      </object_component>
      <object_component id="oc-1bc">
         <name>.common:Pt3</name>
         <uninitialized>true</uninitialized>
         <run_address>0x20003220</run_address>
         <size>0x4</size>
      </object_component>
      <object_component id="oc-1be">
         <name>.common:LPFSum3</name>
         <uninitialized>true</uninitialized>
         <run_address>0x20003208</run_address>
         <size>0x4</size>
      </object_component>
      <object_component id="oc-1c1">
         <name>.common:u1</name>
         <uninitialized>true</uninitialized>
         <run_address>0x20003240</run_address>
         <size>0x4</size>
      </object_component>
      <object_component id="oc-1c0">
         <name>.common:u2</name>
         <uninitialized>true</uninitialized>
         <run_address>0x20003244</run_address>
         <size>0x4</size>
      </object_component>
      <object_component id="oc-1bf">
         <name>.common:u3</name>
         <uninitialized>true</uninitialized>
         <run_address>0x20003248</run_address>
         <size>0x4</size>
      </object_component>
      <object_component id="oc-13f">
         <name>.common:ChannelCount</name>
         <uninitialized>true</uninitialized>
         <run_address>0x200031c0</run_address>
         <size>0xc</size>
      </object_component>
      <object_component id="oc-142">
         <name>.common:PTxChan</name>
         <uninitialized>true</uninitialized>
         <run_address>0x2000320c</run_address>
         <size>0x4</size>
      </object_component>
      <object_component id="oc-143">
         <name>.common:Pdistances</name>
         <uninitialized>true</uninitialized>
         <run_address>0x20003214</run_address>
         <size>0x4</size>
      </object_component>
      <object_component id="oc-144">
         <name>.common:Pamplitudes</name>
         <uninitialized>true</uninitialized>
         <run_address>0x20003210</run_address>
         <size>0x4</size>
      </object_component>
      <object_component id="oc-12b">
         <name>.common:Timer_A3_Capture_Task_0</name>
         <uninitialized>true</uninitialized>
         <run_address>0x20003238</run_address>
         <size>0x4</size>
      </object_component>
      <object_component id="oc-130">
         <name>.common:Timer_A3_Capture_Task_1</name>
         <uninitialized>true</uninitialized>
         <run_address>0x2000323c</run_address>
         <size>0x4</size>
      </object_component>
      <object_component id="oc-11b">
         <name>.common:Timer_A0_Task</name>
         <uninitialized>true</uninitialized>
         <run_address>0x20003228</run_address>
         <size>0x4</size>
      </object_component>
      <object_component id="oc-127">
         <name>.common:Timer_A2_Capture_Task</name>
         <uninitialized>true</uninitialized>
         <run_address>0x20003230</run_address>
         <size>0x4</size>
      </object_component>
      <object_component id="oc-123">
         <name>.common:Timer_A2_Task</name>
         <uninitialized>true</uninitialized>
         <run_address>0x20003234</run_address>
         <size>0x4</size>
      </object_component>
      <object_component id="oc-318">
         <name>.common:__TI_tmpnams</name>
         <uninitialized>true</uninitialized>
         <run_address>0x20003120</run_address>
         <size>0xa0</size>
      </object_component>
      <object_component id="oc-35c">
         <name>.common:parmbuf</name>
         <uninitialized>true</uninitialized>
         <run_address>0x200031d4</run_address>
         <size>0x8</size>
      </object_component>
      <object_component id="oc-29">
         <name>.sysmem</name>
         <uninitialized>true</uninitialized>
         <run_address>0x20003250</run_address>
         <size>0x10</size>
         <input_file_ref idref="fl-f2"/>
      </object_component>
      <object_component id="oc-41c">
         <name>.sysmem</name>
         <uninitialized>true</uninitialized>
         <run_address>0x20003250</run_address>
         <size>0x0</size>
      </object_component>
      <object_component id="oc-2c">
         <name>.stack</name>
         <uninitialized>true</uninitialized>
         <run_address>0x2000fe00</run_address>
         <size>0x4</size>
         <input_file_ref idref="fl-f6"/>
      </object_component>
      <object_component id="oc-41b">
         <name>.stack</name>
         <uninitialized>true</uninitialized>
         <run_address>0x2000fe00</run_address>
         <size>0x0</size>
      </object_component>
      <object_component id="oc-f0">
         <name>.debug_info</name>
         <load_address>0x0</load_address>
         <run_address>0x0</run_address>
         <size>0xb65</size>
         <input_file_ref idref="fl-2"/>
      </object_component>
      <object_component id="oc-f8">
         <name>.debug_info</name>
         <load_address>0xb65</load_address>
         <run_address>0xb65</run_address>
         <size>0x127</size>
         <input_file_ref idref="fl-2"/>
      </object_component>
      <object_component id="oc-73">
         <name>.debug_info</name>
         <load_address>0xc8c</load_address>
         <run_address>0xc8c</run_address>
         <size>0x674</size>
         <input_file_ref idref="fl-2"/>
      </object_component>
      <object_component id="oc-14d">
         <name>.debug_info</name>
         <load_address>0x1300</load_address>
         <run_address>0x1300</run_address>
         <size>0x26b</size>
         <input_file_ref idref="fl-2"/>
      </object_component>
      <object_component id="oc-1d1">
         <name>.debug_info</name>
         <load_address>0x156b</load_address>
         <run_address>0x156b</run_address>
         <size>0x1055</size>
         <input_file_ref idref="fl-2"/>
      </object_component>
      <object_component id="oc-1cc">
         <name>.debug_info</name>
         <load_address>0x25c0</load_address>
         <run_address>0x25c0</run_address>
         <size>0x37e2</size>
         <input_file_ref idref="fl-2"/>
      </object_component>
      <object_component id="oc-35">
         <name>.debug_info</name>
         <load_address>0x5da2</load_address>
         <run_address>0x5da2</run_address>
         <size>0x84</size>
         <input_file_ref idref="fl-2"/>
      </object_component>
      <object_component id="oc-200">
         <name>.debug_info</name>
         <load_address>0x5e26</load_address>
         <run_address>0x5e26</run_address>
         <size>0x2a4</size>
         <input_file_ref idref="fl-2"/>
      </object_component>
      <object_component id="oc-116">
         <name>.debug_info</name>
         <load_address>0x60ca</load_address>
         <run_address>0x60ca</run_address>
         <size>0xbb</size>
         <input_file_ref idref="fl-2"/>
      </object_component>
      <object_component id="oc-28b">
         <name>.debug_info</name>
         <load_address>0x6185</load_address>
         <run_address>0x6185</run_address>
         <size>0xcc</size>
         <input_file_ref idref="fl-2"/>
      </object_component>
      <object_component id="oc-1fa">
         <name>.debug_info</name>
         <load_address>0x6251</load_address>
         <run_address>0x6251</run_address>
         <size>0x2c</size>
         <input_file_ref idref="fl-2"/>
      </object_component>
      <object_component id="oc-3ca">
         <name>.debug_info</name>
         <load_address>0x627d</load_address>
         <run_address>0x627d</run_address>
         <size>0x2c</size>
         <input_file_ref idref="fl-2"/>
      </object_component>
      <object_component id="oc-a2">
         <name>.debug_info</name>
         <load_address>0x62a9</load_address>
         <run_address>0x62a9</run_address>
         <size>0x307</size>
         <input_file_ref idref="fl-3"/>
      </object_component>
      <object_component id="oc-27">
         <name>.debug_info</name>
         <load_address>0x65b0</load_address>
         <run_address>0x65b0</run_address>
         <size>0x133</size>
         <input_file_ref idref="fl-3"/>
      </object_component>
      <object_component id="oc-6b">
         <name>.debug_info</name>
         <load_address>0x66e3</load_address>
         <run_address>0x66e3</run_address>
         <size>0x1fa</size>
         <input_file_ref idref="fl-3"/>
      </object_component>
      <object_component id="oc-1ad">
         <name>.debug_info</name>
         <load_address>0x68dd</load_address>
         <run_address>0x68dd</run_address>
         <size>0x12c</size>
         <input_file_ref idref="fl-4"/>
      </object_component>
      <object_component id="oc-d7">
         <name>.debug_info</name>
         <load_address>0x6a09</load_address>
         <run_address>0x6a09</run_address>
         <size>0x29e</size>
         <input_file_ref idref="fl-4"/>
      </object_component>
      <object_component id="oc-1b1">
         <name>.debug_info</name>
         <load_address>0x6ca7</load_address>
         <run_address>0x6ca7</run_address>
         <size>0x584</size>
         <input_file_ref idref="fl-5"/>
      </object_component>
      <object_component id="oc-e1">
         <name>.debug_info</name>
         <load_address>0x722b</load_address>
         <run_address>0x722b</run_address>
         <size>0x3c5</size>
         <input_file_ref idref="fl-5"/>
      </object_component>
      <object_component id="oc-165">
         <name>.debug_info</name>
         <load_address>0x75f0</load_address>
         <run_address>0x75f0</run_address>
         <size>0x2c</size>
         <input_file_ref idref="fl-6"/>
      </object_component>
      <object_component id="oc-133">
         <name>.debug_info</name>
         <load_address>0x761c</load_address>
         <run_address>0x761c</run_address>
         <size>0x5af</size>
         <input_file_ref idref="fl-7"/>
      </object_component>
      <object_component id="oc-97">
         <name>.debug_info</name>
         <load_address>0x7bcb</load_address>
         <run_address>0x7bcb</run_address>
         <size>0x2b9</size>
         <input_file_ref idref="fl-7"/>
      </object_component>
      <object_component id="oc-1d9">
         <name>.debug_info</name>
         <load_address>0x7e84</load_address>
         <run_address>0x7e84</run_address>
         <size>0x1c8</size>
         <input_file_ref idref="fl-9"/>
      </object_component>
      <object_component id="oc-fd">
         <name>.debug_info</name>
         <load_address>0x804c</load_address>
         <run_address>0x804c</run_address>
         <size>0x314</size>
         <input_file_ref idref="fl-9"/>
      </object_component>
      <object_component id="oc-102">
         <name>.debug_info</name>
         <load_address>0x8360</load_address>
         <run_address>0x8360</run_address>
         <size>0x2f0</size>
         <input_file_ref idref="fl-a"/>
      </object_component>
      <object_component id="oc-1f9">
         <name>.debug_info</name>
         <load_address>0x8650</load_address>
         <run_address>0x8650</run_address>
         <size>0x767</size>
         <input_file_ref idref="fl-b"/>
      </object_component>
      <object_component id="oc-10b">
         <name>.debug_info</name>
         <load_address>0x8db7</load_address>
         <run_address>0x8db7</run_address>
         <size>0x122a</size>
         <input_file_ref idref="fl-b"/>
      </object_component>
      <object_component id="oc-219">
         <name>.debug_info</name>
         <load_address>0x9fe1</load_address>
         <run_address>0x9fe1</run_address>
         <size>0x579</size>
         <input_file_ref idref="fl-d"/>
      </object_component>
      <object_component id="oc-139">
         <name>.debug_info</name>
         <load_address>0xa55a</load_address>
         <run_address>0xa55a</run_address>
         <size>0x61d</size>
         <input_file_ref idref="fl-d"/>
      </object_component>
      <object_component id="oc-1b3">
         <name>.debug_info</name>
         <load_address>0xab77</load_address>
         <run_address>0xab77</run_address>
         <size>0x6c8</size>
         <input_file_ref idref="fl-f"/>
      </object_component>
      <object_component id="oc-e5">
         <name>.debug_info</name>
         <load_address>0xb23f</load_address>
         <run_address>0xb23f</run_address>
         <size>0x8e1</size>
         <input_file_ref idref="fl-f"/>
      </object_component>
      <object_component id="oc-ea">
         <name>.debug_info</name>
         <load_address>0xbb20</load_address>
         <run_address>0xbb20</run_address>
         <size>0x6f0</size>
         <input_file_ref idref="fl-10"/>
      </object_component>
      <object_component id="oc-140">
         <name>.debug_info</name>
         <load_address>0xc210</load_address>
         <run_address>0xc210</run_address>
         <size>0x77e</size>
         <input_file_ref idref="fl-12"/>
      </object_component>
      <object_component id="oc-13d">
         <name>.debug_info</name>
         <load_address>0xc98e</load_address>
         <run_address>0xc98e</run_address>
         <size>0x12a</size>
         <input_file_ref idref="fl-12"/>
      </object_component>
      <object_component id="oc-9c">
         <name>.debug_info</name>
         <load_address>0xcab8</load_address>
         <run_address>0xcab8</run_address>
         <size>0x120a</size>
         <input_file_ref idref="fl-12"/>
      </object_component>
      <object_component id="oc-146">
         <name>.debug_info</name>
         <load_address>0xdcc2</load_address>
         <run_address>0xdcc2</run_address>
         <size>0x8b</size>
         <input_file_ref idref="fl-12"/>
      </object_component>
      <object_component id="oc-110">
         <name>.debug_info</name>
         <load_address>0xdd4d</load_address>
         <run_address>0xdd4d</run_address>
         <size>0x1ff</size>
         <input_file_ref idref="fl-15"/>
      </object_component>
      <object_component id="oc-12c">
         <name>.debug_info</name>
         <load_address>0xdf4c</load_address>
         <run_address>0xdf4c</run_address>
         <size>0x654</size>
         <input_file_ref idref="fl-16"/>
      </object_component>
      <object_component id="oc-20f">
         <name>.debug_info</name>
         <load_address>0xe5a0</load_address>
         <run_address>0xe5a0</run_address>
         <size>0x48</size>
         <input_file_ref idref="fl-16"/>
      </object_component>
      <object_component id="oc-11c">
         <name>.debug_info</name>
         <load_address>0xe5e8</load_address>
         <run_address>0xe5e8</run_address>
         <size>0x5ac</size>
         <input_file_ref idref="fl-17"/>
      </object_component>
      <object_component id="oc-7a">
         <name>.debug_info</name>
         <load_address>0xeb94</load_address>
         <run_address>0xeb94</run_address>
         <size>0x2cb</size>
         <input_file_ref idref="fl-17"/>
      </object_component>
      <object_component id="oc-1c4">
         <name>.debug_info</name>
         <load_address>0xee5f</load_address>
         <run_address>0xee5f</run_address>
         <size>0x3d1</size>
         <input_file_ref idref="fl-18"/>
      </object_component>
      <object_component id="oc-120">
         <name>.debug_info</name>
         <load_address>0xf230</load_address>
         <run_address>0xf230</run_address>
         <size>0x5ac</size>
         <input_file_ref idref="fl-19"/>
      </object_component>
      <object_component id="oc-7e">
         <name>.debug_info</name>
         <load_address>0xf7dc</load_address>
         <run_address>0xf7dc</run_address>
         <size>0x2cb</size>
         <input_file_ref idref="fl-19"/>
      </object_component>
      <object_component id="oc-128">
         <name>.debug_info</name>
         <load_address>0xfaa7</load_address>
         <run_address>0xfaa7</run_address>
         <size>0x5c4</size>
         <input_file_ref idref="fl-1a"/>
      </object_component>
      <object_component id="oc-8c">
         <name>.debug_info</name>
         <load_address>0x1006b</load_address>
         <run_address>0x1006b</run_address>
         <size>0x221</size>
         <input_file_ref idref="fl-1a"/>
      </object_component>
      <object_component id="oc-124">
         <name>.debug_info</name>
         <load_address>0x1028c</load_address>
         <run_address>0x1028c</run_address>
         <size>0x5ac</size>
         <input_file_ref idref="fl-1b"/>
      </object_component>
      <object_component id="oc-83">
         <name>.debug_info</name>
         <load_address>0x10838</load_address>
         <run_address>0x10838</run_address>
         <size>0x2cb</size>
         <input_file_ref idref="fl-1b"/>
      </object_component>
      <object_component id="oc-12e">
         <name>.debug_info</name>
         <load_address>0x10b03</load_address>
         <run_address>0x10b03</run_address>
         <size>0x607</size>
         <input_file_ref idref="fl-1d"/>
      </object_component>
      <object_component id="oc-91">
         <name>.debug_info</name>
         <load_address>0x1110a</load_address>
         <run_address>0x1110a</run_address>
         <size>0x2c6</size>
         <input_file_ref idref="fl-1d"/>
      </object_component>
      <object_component id="oc-385">
         <name>.debug_info</name>
         <load_address>0x113d0</load_address>
         <run_address>0x113d0</run_address>
         <size>0x3e5</size>
         <input_file_ref idref="fl-d7"/>
      </object_component>
      <object_component id="oc-301">
         <name>.debug_info</name>
         <load_address>0x117b5</load_address>
         <run_address>0x117b5</run_address>
         <size>0xb2</size>
         <input_file_ref idref="fl-d7"/>
      </object_component>
      <object_component id="oc-2ec">
         <name>.debug_info</name>
         <load_address>0x11867</load_address>
         <run_address>0x11867</run_address>
         <size>0x2c</size>
         <input_file_ref idref="fl-d8"/>
      </object_component>
      <object_component id="oc-264">
         <name>.debug_info</name>
         <load_address>0x11893</load_address>
         <run_address>0x11893</run_address>
         <size>0x3f5</size>
         <input_file_ref idref="fl-d9"/>
      </object_component>
      <object_component id="oc-25a">
         <name>.debug_info</name>
         <load_address>0x11c88</load_address>
         <run_address>0x11c88</run_address>
         <size>0x20e</size>
         <input_file_ref idref="fl-d9"/>
      </object_component>
      <object_component id="oc-279">
         <name>.debug_info</name>
         <load_address>0x11e96</load_address>
         <run_address>0x11e96</run_address>
         <size>0x176</size>
         <input_file_ref idref="fl-d9"/>
      </object_component>
      <object_component id="oc-1ea">
         <name>.debug_info</name>
         <load_address>0x1200c</load_address>
         <run_address>0x1200c</run_address>
         <size>0x1e4</size>
         <input_file_ref idref="fl-d9"/>
      </object_component>
      <object_component id="oc-1e4">
         <name>.debug_info</name>
         <load_address>0x121f0</load_address>
         <run_address>0x121f0</run_address>
         <size>0x1cd</size>
         <input_file_ref idref="fl-d9"/>
      </object_component>
      <object_component id="oc-154">
         <name>.debug_info</name>
         <load_address>0x123bd</load_address>
         <run_address>0x123bd</run_address>
         <size>0x2c</size>
         <input_file_ref idref="fl-d9"/>
      </object_component>
      <object_component id="oc-332">
         <name>.debug_info</name>
         <load_address>0x123e9</load_address>
         <run_address>0x123e9</run_address>
         <size>0x300</size>
         <input_file_ref idref="fl-dc"/>
      </object_component>
      <object_component id="oc-280">
         <name>.debug_info</name>
         <load_address>0x126e9</load_address>
         <run_address>0x126e9</run_address>
         <size>0xbf</size>
         <input_file_ref idref="fl-dc"/>
      </object_component>
      <object_component id="oc-27f">
         <name>.debug_info</name>
         <load_address>0x127a8</load_address>
         <run_address>0x127a8</run_address>
         <size>0x374</size>
         <input_file_ref idref="fl-dd"/>
      </object_component>
      <object_component id="oc-1f0">
         <name>.debug_info</name>
         <load_address>0x12b1c</load_address>
         <run_address>0x12b1c</run_address>
         <size>0x20b</size>
         <input_file_ref idref="fl-dd"/>
      </object_component>
      <object_component id="oc-3b">
         <name>.debug_info</name>
         <load_address>0x12d27</load_address>
         <run_address>0x12d27</run_address>
         <size>0x119</size>
         <input_file_ref idref="fl-e4"/>
      </object_component>
      <object_component id="oc-c0">
         <name>.debug_info</name>
         <load_address>0x12e40</load_address>
         <run_address>0x12e40</run_address>
         <size>0x147</size>
         <input_file_ref idref="fl-e5"/>
      </object_component>
      <object_component id="oc-bd">
         <name>.debug_info</name>
         <load_address>0x12f87</load_address>
         <run_address>0x12f87</run_address>
         <size>0x2d4</size>
         <input_file_ref idref="fl-e7"/>
      </object_component>
      <object_component id="oc-50">
         <name>.debug_info</name>
         <load_address>0x1325b</load_address>
         <run_address>0x1325b</run_address>
         <size>0x1b5</size>
         <input_file_ref idref="fl-e7"/>
      </object_component>
      <object_component id="oc-b8">
         <name>.debug_info</name>
         <load_address>0x13410</load_address>
         <run_address>0x13410</run_address>
         <size>0x46</size>
         <input_file_ref idref="fl-e7"/>
      </object_component>
      <object_component id="oc-45">
         <name>.debug_info</name>
         <load_address>0x13456</load_address>
         <run_address>0x13456</run_address>
         <size>0x2a8</size>
         <input_file_ref idref="fl-e8"/>
      </object_component>
      <object_component id="oc-21">
         <name>.debug_info</name>
         <load_address>0x136fe</load_address>
         <run_address>0x136fe</run_address>
         <size>0x1ea</size>
         <input_file_ref idref="fl-e8"/>
      </object_component>
      <object_component id="oc-40">
         <name>.debug_info</name>
         <load_address>0x138e8</load_address>
         <run_address>0x138e8</run_address>
         <size>0x46</size>
         <input_file_ref idref="fl-e8"/>
      </object_component>
      <object_component id="oc-b0">
         <name>.debug_info</name>
         <load_address>0x1392e</load_address>
         <run_address>0x1392e</run_address>
         <size>0x2c</size>
         <input_file_ref idref="fl-e8"/>
      </object_component>
      <object_component id="oc-ae">
         <name>.debug_info</name>
         <load_address>0x1395a</load_address>
         <run_address>0x1395a</run_address>
         <size>0x29e</size>
         <input_file_ref idref="fl-e9"/>
      </object_component>
      <object_component id="oc-19">
         <name>.debug_info</name>
         <load_address>0x13bf8</load_address>
         <run_address>0x13bf8</run_address>
         <size>0x250</size>
         <input_file_ref idref="fl-e9"/>
      </object_component>
      <object_component id="oc-30">
         <name>.debug_info</name>
         <load_address>0x13e48</load_address>
         <run_address>0x13e48</run_address>
         <size>0x60</size>
         <input_file_ref idref="fl-e9"/>
      </object_component>
      <object_component id="oc-15e">
         <name>.debug_info</name>
         <load_address>0x13ea8</load_address>
         <run_address>0x13ea8</run_address>
         <size>0x46</size>
         <input_file_ref idref="fl-e9"/>
      </object_component>
      <object_component id="oc-a9">
         <name>.debug_info</name>
         <load_address>0x13eee</load_address>
         <run_address>0x13eee</run_address>
         <size>0x39</size>
         <input_file_ref idref="fl-e9"/>
      </object_component>
      <object_component id="oc-226">
         <name>.debug_info</name>
         <load_address>0x13f27</load_address>
         <run_address>0x13f27</run_address>
         <size>0x3ad</size>
         <input_file_ref idref="fl-ea"/>
      </object_component>
      <object_component id="oc-220">
         <name>.debug_info</name>
         <load_address>0x142d4</load_address>
         <run_address>0x142d4</run_address>
         <size>0x190</size>
         <input_file_ref idref="fl-ea"/>
      </object_component>
      <object_component id="oc-171">
         <name>.debug_info</name>
         <load_address>0x14464</load_address>
         <run_address>0x14464</run_address>
         <size>0x122</size>
         <input_file_ref idref="fl-ea"/>
      </object_component>
      <object_component id="oc-178">
         <name>.debug_info</name>
         <load_address>0x14586</load_address>
         <run_address>0x14586</run_address>
         <size>0x184</size>
         <input_file_ref idref="fl-ea"/>
      </object_component>
      <object_component id="oc-29c">
         <name>.debug_info</name>
         <load_address>0x1470a</load_address>
         <run_address>0x1470a</run_address>
         <size>0x2c9</size>
         <input_file_ref idref="fl-eb"/>
      </object_component>
      <object_component id="oc-223">
         <name>.debug_info</name>
         <load_address>0x149d3</load_address>
         <run_address>0x149d3</run_address>
         <size>0x11e</size>
         <input_file_ref idref="fl-eb"/>
      </object_component>
      <object_component id="oc-297">
         <name>.debug_info</name>
         <load_address>0x14af1</load_address>
         <run_address>0x14af1</run_address>
         <size>0x12e</size>
         <input_file_ref idref="fl-eb"/>
      </object_component>
      <object_component id="oc-287">
         <name>.debug_info</name>
         <load_address>0x14c1f</load_address>
         <run_address>0x14c1f</run_address>
         <size>0x144</size>
         <input_file_ref idref="fl-ef"/>
      </object_component>
      <object_component id="oc-1f6">
         <name>.debug_info</name>
         <load_address>0x14d63</load_address>
         <run_address>0x14d63</run_address>
         <size>0x102</size>
         <input_file_ref idref="fl-ef"/>
      </object_component>
      <object_component id="oc-261">
         <name>.debug_info</name>
         <load_address>0x14e65</load_address>
         <run_address>0x14e65</run_address>
         <size>0x18f</size>
         <input_file_ref idref="fl-ef"/>
      </object_component>
      <object_component id="oc-a5">
         <name>.debug_info</name>
         <load_address>0x14ff4</load_address>
         <run_address>0x14ff4</run_address>
         <size>0x3b2</size>
         <input_file_ref idref="fl-f2"/>
      </object_component>
      <object_component id="oc-2a">
         <name>.debug_info</name>
         <load_address>0x153a6</load_address>
         <run_address>0x153a6</run_address>
         <size>0x10c</size>
         <input_file_ref idref="fl-f2"/>
      </object_component>
      <object_component id="oc-395">
         <name>.debug_info</name>
         <load_address>0x154b2</load_address>
         <run_address>0x154b2</run_address>
         <size>0x13f</size>
         <input_file_ref idref="fl-f2"/>
      </object_component>
      <object_component id="oc-274">
         <name>.debug_info</name>
         <load_address>0x155f1</load_address>
         <run_address>0x155f1</run_address>
         <size>0x168</size>
         <input_file_ref idref="fl-f2"/>
      </object_component>
      <object_component id="oc-31c">
         <name>.debug_info</name>
         <load_address>0x15759</load_address>
         <run_address>0x15759</run_address>
         <size>0x18e</size>
         <input_file_ref idref="fl-f2"/>
      </object_component>
      <object_component id="oc-323">
         <name>.debug_info</name>
         <load_address>0x158e7</load_address>
         <run_address>0x158e7</run_address>
         <size>0x19f</size>
         <input_file_ref idref="fl-f2"/>
      </object_component>
      <object_component id="oc-26e">
         <name>.debug_info</name>
         <load_address>0x15a86</load_address>
         <run_address>0x15a86</run_address>
         <size>0x203</size>
         <input_file_ref idref="fl-f2"/>
      </object_component>
      <object_component id="oc-39b">
         <name>.debug_info</name>
         <load_address>0x15c89</load_address>
         <run_address>0x15c89</run_address>
         <size>0x1db</size>
         <input_file_ref idref="fl-f2"/>
      </object_component>
      <object_component id="oc-329">
         <name>.debug_info</name>
         <load_address>0x15e64</load_address>
         <run_address>0x15e64</run_address>
         <size>0x299</size>
         <input_file_ref idref="fl-f2"/>
      </object_component>
      <object_component id="oc-159">
         <name>.debug_info</name>
         <load_address>0x160fd</load_address>
         <run_address>0x160fd</run_address>
         <size>0xb2</size>
         <input_file_ref idref="fl-f2"/>
      </object_component>
      <object_component id="oc-3e4">
         <name>.debug_info</name>
         <load_address>0x161af</load_address>
         <run_address>0x161af</run_address>
         <size>0x29a</size>
         <input_file_ref idref="fl-f3"/>
      </object_component>
      <object_component id="oc-3c0">
         <name>.debug_info</name>
         <load_address>0x16449</load_address>
         <run_address>0x16449</run_address>
         <size>0x262</size>
         <input_file_ref idref="fl-f3"/>
      </object_component>
      <object_component id="oc-3a5">
         <name>.debug_info</name>
         <load_address>0x166ab</load_address>
         <run_address>0x166ab</run_address>
         <size>0x28f</size>
         <input_file_ref idref="fl-f4"/>
      </object_component>
      <object_component id="oc-34b">
         <name>.debug_info</name>
         <load_address>0x1693a</load_address>
         <run_address>0x1693a</run_address>
         <size>0x245</size>
         <input_file_ref idref="fl-f4"/>
      </object_component>
      <object_component id="oc-2d">
         <name>.debug_info</name>
         <load_address>0x16b7f</load_address>
         <run_address>0x16b7f</run_address>
         <size>0x10b</size>
         <input_file_ref idref="fl-f6"/>
      </object_component>
      <object_component id="oc-5b">
         <name>.debug_info</name>
         <load_address>0x16c8a</load_address>
         <run_address>0x16c8a</run_address>
         <size>0x1a9</size>
         <input_file_ref idref="fl-f6"/>
      </object_component>
      <object_component id="oc-3bc">
         <name>.debug_info</name>
         <load_address>0x16e33</load_address>
         <run_address>0x16e33</run_address>
         <size>0x397</size>
         <input_file_ref idref="fl-f7"/>
      </object_component>
      <object_component id="oc-388">
         <name>.debug_info</name>
         <load_address>0x171ca</load_address>
         <run_address>0x171ca</run_address>
[...]
         <name>Timer_A0_Stop</name>
         <value>0x2735</value>
         <object_component_ref idref="oc-76"/>
      </symbol>
      <symbol id="sm-38f">
         <name>TA0_0_IRQHandler</name>
         <value>0x274b</value>
         <object_component_ref idref="oc-76"/>
      </symbol>
      <symbol id="sm-390">
         <name>Timer_A0_Interrupt_Init</name>
         <value>0x26c9</value>
         <object_component_ref idref="oc-76"/>
      </symbol>
      <symbol id="sm-3a8">
         <name>Timer_A0_PWM_Init</name>
         <value>0x21f1</value>
         <object_component_ref idref="oc-1c3"/>
      </symbol>
      <symbol id="sm-3a9">
         <name>Timer_A0_Update_Duty_Cycle_2</name>
         <value>0x2299</value>
         <object_component_ref idref="oc-1c3"/>
      </symbol>
      <symbol id="sm-3aa">
         <name>Timer_A0_Update_Duty_Cycle_1</name>
         <value>0x2279</value>
         <object_component_ref idref="oc-1c3"/>
      </symbol>
      <symbol id="sm-3c3">
         <name>Timer_A1_Interrupt_Init</name>
         <value>0x277d</value>
         <object_component_ref idref="oc-7c"/>
      </symbol>
      <symbol id="sm-3c4">
         <name>Timer_A1_Stop</name>
         <value>0x27e3</value>
         <object_component_ref idref="oc-7c"/>
      </symbol>
      <symbol id="sm-3c5">
         <name>TA1_0_IRQHandler</name>
         <value>0x27f7</value>
         <object_component_ref idref="oc-7c"/>
      </symbol>
      <symbol id="sm-3df">
         <name>Timer_A2_Capture_Task</name>
         <value>0x20003230</value>
      </symbol>
      <symbol id="sm-3e0">
         <name>TA2_N_IRQHandler</name>
         <value>0x2511</value>
         <object_component_ref idref="oc-88"/>
      </symbol>
      <symbol id="sm-3e1">
         <name>Timer_A2_Capture_Init</name>
         <value>0x2499</value>
         <object_component_ref idref="oc-88"/>
      </symbol>
      <symbol id="sm-3fa">
         <name>Timer_A2_Task</name>
         <value>0x20003234</value>
      </symbol>
      <symbol id="sm-3fb">
         <name>Timer_A2_Stop</name>
         <value>0x2893</value>
         <object_component_ref idref="oc-82"/>
      </symbol>
      <symbol id="sm-3fc">
         <name>TA2_0_IRQHandler</name>
         <value>0x28a7</value>
         <object_component_ref idref="oc-82"/>
      </symbol>
      <symbol id="sm-3fd">
         <name>Timer_A2_Interrupt_Init</name>
         <value>0x282d</value>
         <object_component_ref idref="oc-82"/>
      </symbol>
      <symbol id="sm-41b">
         <name>TA3_N_IRQHandler</name>
         <value>0x1fbf</value>
         <object_component_ref idref="oc-8e"/>
      </symbol>
      <symbol id="sm-41c">
         <name>Timer_A3_Capture_Init</name>
         <value>0x1f09</value>
         <object_component_ref idref="oc-8e"/>
      </symbol>
      <symbol id="sm-41d">
         <name>TA3_0_IRQHandler</name>
         <value>0x1fa5</value>
         <object_component_ref idref="oc-8e"/>
      </symbol>
      <symbol id="sm-483">
         <name>__TI_cleanup</name>
         <value>0x3071</value>
         <object_component_ref idref="oc-278"/>
      </symbol>
      <symbol id="sm-484">
         <name>freopen</name>
         <value>0x310d</value>
         <object_component_ref idref="oc-1e9"/>
      </symbol>
      <symbol id="sm-485">
         <name>fopen</name>
         <value>0x28dd</value>
         <object_component_ref idref="oc-1e3"/>
      </symbol>
      <symbol id="sm-4ac">
         <name>setvbuf</name>
         <value>0x23bd</value>
         <object_component_ref idref="oc-1ef"/>
      </symbol>
      <symbol id="sm-4cd">
         <name>memcpy</name>
         <value>0x2979</value>
         <object_component_ref idref="oc-3a"/>
      </symbol>
      <symbol id="sm-4ce">
         <name>__aeabi_memcpy</name>
         <value>0x2979</value>
         <object_component_ref idref="oc-3a"/>
      </symbol>
      <symbol id="sm-4cf">
         <name>__aeabi_memcpy8</name>
         <value>0x2979</value>
         <object_component_ref idref="oc-3a"/>
      </symbol>
      <symbol id="sm-4d0">
         <name>__aeabi_memcpy4</name>
         <value>0x2979</value>
         <object_component_ref idref="oc-3a"/>
      </symbol>
      <symbol id="sm-4df">
         <name>__aeabi_memset</name>
         <value>0x2a17</value>
         <object_component_ref idref="oc-be"/>
      </symbol>
      <symbol id="sm-4e0">
         <name>memset</name>
         <value>0x2a1d</value>
         <object_component_ref idref="oc-be"/>
      </symbol>
      <symbol id="sm-4e1">
         <name>__aeabi_memset8</name>
         <value>0x2a17</value>
         <object_component_ref idref="oc-be"/>
      </symbol>
      <symbol id="sm-4e2">
         <name>__aeabi_memset4</name>
         <value>0x2a17</value>
         <object_component_ref idref="oc-be"/>
      </symbol>
      <symbol id="sm-4e3">
         <name>__aeabi_memclr8</name>
         <value>0x2a15</value>
         <object_component_ref idref="oc-be"/>
      </symbol>
      <symbol id="sm-4e4">
         <name>__aeabi_memclr4</name>
         <value>0x2a15</value>
         <object_component_ref idref="oc-be"/>
      </symbol>
      <symbol id="sm-4e5">
         <name>__aeabi_memclr</name>
         <value>0x2a15</value>
         <object_component_ref idref="oc-be"/>
      </symbol>
      <symbol id="sm-4f8">
         <name>__TI_zero_init</name>
         <value>0x32a7</value>
         <object_component_ref idref="oc-4c"/>
      </symbol>
      <symbol id="sm-50f">
         <name>__TI_decompress_none</name>
         <value>0x328b</value>
         <object_component_ref idref="oc-1d"/>
      </symbol>
      <symbol id="sm-532">
         <name>__TI_decompress_lzss</name>
         <value>0x2c49</value>
         <object_component_ref idref="oc-17"/>
      </symbol>
      <symbol id="sm-558">
         <name>C$$EXIT</name>
         <value>0x32bf</value>
         <object_component_ref idref="oc-16e"/>
      </symbol>
      <symbol id="sm-559">
         <name>abort</name>
         <value>0x32bf</value>
         <object_component_ref idref="oc-16e"/>
      </symbol>
      <symbol id="sm-55a">
         <name>__TI_dtors_ptr</name>
         <value>0x20003834</value>
         <object_component_ref idref="oc-21f"/>
      </symbol>
      <symbol id="sm-55b">
         <name>__TI_cleanup_ptr</name>
         <value>0x20003830</value>
         <object_component_ref idref="oc-21f"/>
      </symbol>
      <symbol id="sm-55c">
         <name>__TI_enable_exit_profile_output</name>
         <value>0x20003838</value>
         <object_component_ref idref="oc-21f"/>
      </symbol>
      <symbol id="sm-55d">
         <name>exit</name>
         <value>0x2e69</value>
         <object_component_ref idref="oc-174"/>
      </symbol>
      <symbol id="sm-572">
         <name>_nop</name>
         <value>0x2a8f</value>
         <object_component_ref idref="oc-294"/>
      </symbol>
      <symbol id="sm-573">
         <name>_lock</name>
         <value>0x2000383c</value>
         <object_component_ref idref="oc-222"/>
      </symbol>
      <symbol id="sm-574">
         <name>_unlock</name>
         <value>0x20003840</value>
         <object_component_ref idref="oc-222"/>
      </symbol>
      <symbol id="sm-58c">
         <name>__TI_tmpnams</name>
         <value>0x20003120</value>
      </symbol>
      <symbol id="sm-58d">
         <name>__aeabi_stdout</name>
         <value>0x20003828</value>
         <object_component_ref idref="oc-260"/>
      </symbol>
      <symbol id="sm-58e">
         <name>__aeabi_stderr</name>
         <value>0x2000382c</value>
         <object_component_ref idref="oc-260"/>
      </symbol>
      <symbol id="sm-58f">
         <name>__aeabi_stdin</name>
         <value>0x20003824</value>
         <object_component_ref idref="oc-260"/>
      </symbol>
      <symbol id="sm-590">
         <name>_ftable</name>
         <value>0x20003650</value>
         <object_component_ref idref="oc-1f5"/>
      </symbol>
      <symbol id="sm-591">
         <name>__TI_ft_end</name>
         <value>0x20003820</value>
         <object_component_ref idref="oc-260"/>
      </symbol>
      <symbol id="sm-617">
         <name>_sys_memory</name>
         <value>0x20003250</value>
         <object_component_ref idref="oc-29"/>
      </symbol>
      <symbol id="sm-618">
         <name>free</name>
         <value>0x22d9</value>
         <object_component_ref idref="oc-26c"/>
      </symbol>
      <symbol id="sm-619">
         <name>memalign</name>
         <value>0x2009</value>
         <object_component_ref idref="oc-328"/>
      </symbol>
      <symbol id="sm-61a">
         <name>malloc</name>
         <value>0x32b3</value>
         <object_component_ref idref="oc-272"/>
      </symbol>
      <symbol id="sm-61b">
         <name>aligned_alloc</name>
         <value>0x2009</value>
         <object_component_ref idref="oc-328"/>
      </symbol>
      <symbol id="sm-62b">
         <name>strchr</name>
         <value>0x324d</value>
         <object_component_ref idref="oc-3bd"/>
      </symbol>
      <symbol id="sm-639">
         <name>strlen</name>
         <value>0x3277</value>
         <object_component_ref idref="oc-34a"/>
      </symbol>
      <symbol id="sm-64d">
         <name>__stack</name>
         <value>0x2000fe00</value>
         <object_component_ref idref="oc-2c"/>
      </symbol>
      <symbol id="sm-64e">
         <name>_c_int00_noargs</name>
         <value>0x30d9</value>
         <object_component_ref idref="oc-58"/>
      </symbol>
      <symbol id="sm-663">
         <name>write</name>
         <value>0x31f1</value>
         <object_component_ref idref="oc-386"/>
      </symbol>
      <symbol id="sm-674">
         <name>_stream</name>
         <value>0x200037b8</value>
         <object_component_ref idref="oc-380"/>
      </symbol>
      <symbol id="sm-675">
         <name>_device</name>
         <value>0x20003740</value>
         <object_component_ref idref="oc-254"/>
      </symbol>
      <symbol id="sm-692">
         <name>open</name>
         <value>0x2555</value>
         <object_component_ref idref="oc-2f6"/>
      </symbol>
      <symbol id="sm-6b2">
         <name>add_device</name>
         <value>0x2611</value>
         <object_component_ref idref="oc-1dd"/>
      </symbol>
      <symbol id="sm-6cb">
         <name>__TI_closefile</name>
         <value>0x2a91</value>
         <object_component_ref idref="oc-265"/>
      </symbol>
      <symbol id="sm-6db">
         <name>__TI_doflush</name>
         <value>0x2e1d</value>
         <object_component_ref idref="oc-306"/>
      </symbol>
      <symbol id="sm-6fa">
         <name>finddevice</name>
         <value>0x3141</value>
         <object_component_ref idref="oc-247"/>
      </symbol>
      <symbol id="sm-6fb">
         <name>getdevice</name>
         <value>0x2f7d</value>
         <object_component_ref idref="oc-379"/>
      </symbol>
      <symbol id="sm-724">
         <name>__TI_auto_init_nobinit_nopinit</name>
         <value>0x2f39</value>
         <object_component_ref idref="oc-17a"/>
      </symbol>
      <symbol id="sm-72e">
         <name>_system_pre_init</name>
         <value>0x32bb</value>
         <object_component_ref idref="oc-c4"/>
      </symbol>
      <symbol id="sm-73f">
         <name>strcmp</name>
         <value>0x3235</value>
         <object_component_ref idref="oc-2b3"/>
      </symbol>
      <symbol id="sm-74f">
         <name>strncpy</name>
         <value>0x3039</value>
         <object_component_ref idref="oc-24d"/>
      </symbol>
      <symbol id="sm-760">
         <name>HOSTclose</name>
         <value>0x2eb1</value>
         <object_component_ref idref="oc-2c3"/>
      </symbol>
      <symbol id="sm-771">
         <name>HOSTlseek</name>
         <value>0x2be1</value>
         <object_component_ref idref="oc-2d5"/>
      </symbol>
      <symbol id="sm-783">
         <name>parmbuf</name>
         <value>0x200031d4</value>
      </symbol>
      <symbol id="sm-784">
         <name>HOSTopen</name>
         <value>0x2cb1</value>
         <object_component_ref idref="oc-2bd"/>
      </symbol>
      <symbol id="sm-795">
         <name>HOSTread</name>
         <value>0x2d6d</value>
         <object_component_ref idref="oc-2c9"/>
      </symbol>
      <symbol id="sm-7a6">
         <name>HOSTrename</name>
         <value>0x2b75</value>
         <object_component_ref idref="oc-2e1"/>
      </symbol>
      <symbol id="sm-7b7">
         <name>HOSTunlink</name>
         <value>0x2ef5</value>
         <object_component_ref idref="oc-2db"/>
      </symbol>
      <symbol id="sm-7c8">
         <name>HOSTwrite</name>
         <value>0x2dc5</value>
         <object_component_ref idref="oc-2cf"/>
      </symbol>
      <symbol id="sm-7ec">
         <name>__TI_readmsg</name>
         <value>0x30a5</value>
         <object_component_ref idref="oc-356"/>
      </symbol>
      <symbol id="sm-7ed">
         <name>C$$IO$$</name>
         <value>0x302f</value>
         <object_component_ref idref="oc-350"/>
      </symbol>
      <symbol id="sm-7ee">
         <name>__CIOBUF_</name>
         <value>0x20003000</value>
         <object_component_ref idref="oc-3a6"/>
      </symbol>
      <symbol id="sm-7ef">
         <name>__TI_writemsg</name>
         <value>0x3001</value>
         <object_component_ref idref="oc-350"/>
      </symbol>
      <symbol id="sm-805">
         <name>close</name>
         <value>0x2d11</value>
         <object_component_ref idref="oc-30c"/>
      </symbol>
      <symbol id="sm-814">
         <name>strcpy</name>
         <value>0x3263</value>
         <object_component_ref idref="oc-36a"/>
      </symbol>
      <symbol id="sm-824">
         <name>unlink</name>
         <value>0x319d</value>
         <object_component_ref idref="oc-312"/>
      </symbol>
      <symbol id="sm-825">
         <name>__TI_static_base__</name>
         <value>0x0</value>
      </symbol>
      <symbol id="sm-828">
         <name>__mpu_init</name>
         <value>0x0</value>
      </symbol>
      <symbol id="sm-829">
         <name>_system_post_cinit</name>
         <value>0x0</value>
      </symbol>
      <symbol id="sm-82a">
         <name>NMI_Handler</name>
         <value>0x32a5</value>
      </symbol>
      <symbol id="sm-82b">
         <name>HardFault_Handler</name>
         <value>0x32a5</value>
      </symbol>
      <symbol id="sm-82c">
         <name>MemManage_Handler</name>
         <value>0x32a5</value>
      </symbol>
      <symbol id="sm-82d">
         <name>BusFault_Handler</name>
         <value>0x32a5</value>
      </symbol>
      <symbol id="sm-82e">
         <name>UsageFault_Handler</name>
         <value>0x32a5</value>
      </symbol>
      <symbol id="sm-82f">
         <name>SVC_Handler</name>
         <value>0x32a5</value>
      </symbol>
      <symbol id="sm-830">
         <name>DebugMon_Handler</name>
         <value>0x32a5</value>
      </symbol>
      <symbol id="sm-831">
         <name>PendSV_Handler</name>
         <value>0x32a5</value>
      </symbol>
      <symbol id="sm-832">
         <name>SysTick_Handler</name>
         <value>0x139d</value>
      </symbol>
      <symbol id="sm-833">
         <name>PSS_IRQHandler</name>
         <value>0x32a5</value>
      </symbol>
      <symbol id="sm-834">
         <name>CS_IRQHandler</name>
         <value>0x32a5</value>
      </symbol>
      <symbol id="sm-835">
         <name>PCM_IRQHandler</name>
         <value>0x32a5</value>
      </symbol>
      <symbol id="sm-836">
         <name>WDT_A_IRQHandler</name>
         <value>0x32a5</value>
      </symbol>
      <symbol id="sm-837">
         <name>FPU_IRQHandler</name>
         <value>0x32a5</value>
      </symbol>
      <symbol id="sm-838">
         <name>FLCTL_IRQHandler</name>
         <value>0x32a5</value>
      </symbol>
      <symbol id="sm-839">
         <name>COMP_E0_IRQHandler</name>
         <value>0x32a5</value>
      </symbol>
      <symbol id="sm-83a">
         <name>COMP_E1_IRQHandler</name>
         <value>0x32a5</value>
      </symbol>
      <symbol id="sm-83b">
         <name>TA0_0_IRQHandler</name>
         <value>0x274b</value>
      </symbol>
      <symbol id="sm-83c">
         <name>TA0_N_IRQHandler</name>
         <value>0x32a5</value>
      </symbol>
      <symbol id="sm-83d">
         <name>TA1_0_IRQHandler</name>
         <value>0x27f7</value>
      </symbol>
      <symbol id="sm-83e">
         <name>TA1_N_IRQHandler</name>
         <value>0x32a5</value>
      </symbol>
      <symbol id="sm-83f">
         <name>TA2_0_IRQHandler</name>
         <value>0x28a7</value>
      </symbol>
      <symbol id="sm-840">
         <name>TA2_N_IRQHandler</name>
         <value>0x2511</value>
      </symbol>
      <symbol id="sm-841">
         <name>TA3_0_IRQHandler</name>
         <value>0x1fa5</value>
      </symbol>
      <symbol id="sm-842">
         <name>TA3_N_IRQHandler</name>
         <value>0x1fbf</value>
      </symbol>
      <symbol id="sm-843">
         <name>EUSCIA0_IRQHandler</name>
         <value>0x32a5</value>
      </symbol>
      <symbol id="sm-844">
         <name>EUSCIA1_IRQHandler</name>
         <value>0x32a5</value>
      </symbol>
      <symbol id="sm-845">
         <name>EUSCIA2_IRQHandler</name>
         <value>0x32a5</value>
      </symbol>
      <symbol id="sm-846">
         <name>EUSCIA3_IRQHandler</name>
         <value>0x32a5</value>
      </symbol>
      <symbol id="sm-847">
         <name>EUSCIB0_IRQHandler</name>
         <value>0x32a5</value>
      </symbol>
      <symbol id="sm-848">
         <name>EUSCIB1_IRQHandler</name>
         <value>0x32a5</value>
      </symbol>
      <symbol id="sm-849">
         <name>EUSCIB2_IRQHandler</name>
         <value>0x32a5</value>
      </symbol>
      <symbol id="sm-84a">
         <name>EUSCIB3_IRQHandler</name>
         <value>0x32a5</value>
      </symbol>
      <symbol id="sm-84b">
         <name>ADC14_IRQHandler</name>
         <value>0x32a5</value>
      </symbol>
      <symbol id="sm-84c">
         <name>T32_INT1_IRQHandler</name>
         <value>0x32a5</value>
      </symbol>
      <symbol id="sm-84d">
         <name>T32_INT2_IRQHandler</name>
         <value>0x32a5</value>
      </symbol>
      <symbol id="sm-84e">
         <name>T32_INTC_IRQHandler</name>
         <value>0x32a5</value>
      </symbol>
      <symbol id="sm-84f">
         <name>AES256_IRQHandler</name>
         <value>0x32a5</value>
      </symbol>
      <symbol id="sm-850">
         <name>RTC_C_IRQHandler</name>
         <value>0x32a5</value>
      </symbol>
      <symbol id="sm-851">
         <name>DMA_ERR_IRQHandler</name>
         <value>0x32a5</value>
      </symbol>
      <symbol id="sm-852">
         <name>DMA_INT3_IRQHandler</name>
         <value>0x32a5</value>
      </symbol>
      <symbol id="sm-853">
         <name>DMA_INT2_IRQHandler</name>
         <value>0x32a5</value>
      </symbol>
      <symbol id="sm-854">
         <name>DMA_INT1_IRQHandler</name>
         <value>0x32a5</value>
      </symbol>
      <symbol id="sm-855">
         <name>DMA_INT0_IRQHandler</name>
         <value>0x32a5</value>
      </symbol>
      <symbol id="sm-856">
         <name>PORT1_IRQHandler</name>
         <value>0x32a5</value>
      </symbol>
      <symbol id="sm-857">
         <name>PORT2_IRQHandler</name>
         <value>0x32a5</value>
      </symbol>
      <symbol id="sm-858">
         <name>PORT3_IRQHandler</name>
         <value>0x32a5</value>
      </symbol>
      <symbol id="sm-859">
         <name>PORT4_IRQHandler</name>
         <value>0x21a7</value>
      </symbol>
      <symbol id="sm-85a">
         <name>PORT5_IRQHandler</name>
         <value>0x32a5</value>
      </symbol>
      <symbol id="sm-85b">
         <name>PORT6_IRQHandler</name>
         <value>0xb41</value>
      </symbol>
      <symbol id="sm-85c">
         <name>remove</name>
         <value>0x319d</value>
      </symbol>
   </symbol_table>
   <title>Link successful</title>
</link_info>
